Archive member included to satisfy reference by file (symbol)

/home/varun/tools/STM/cubeIDE/plugins/com.st.stm32cube.ide.mcu.externaltools.gnu-tools-for-stm32.7-2018-q2-update.linux64_1.4.0.202007081208/tools/bin/../lib/gcc/arm-none-eabi/7.3.1/../../../../arm-none-eabi/lib/thumb/v6-m/libc_nano.a(lib_a-errno.o)
                              Core/Src/syscalls.o (__errno)
/home/varun/tools/STM/cubeIDE/plugins/com.st.stm32cube.ide.mcu.externaltools.gnu-tools-for-stm32.7-2018-q2-update.linux64_1.4.0.202007081208/tools/bin/../lib/gcc/arm-none-eabi/7.3.1/../../../../arm-none-eabi/lib/thumb/v6-m/libc_nano.a(lib_a-exit.o)
                              /home/varun/tools/STM/cubeIDE/plugins/com.st.stm32cube.ide.mcu.externaltools.gnu-tools-for-stm32.7-2018-q2-update.linux64_1.4.0.202007081208/tools/bin/../lib/gcc/arm-none-eabi/7.3.1/../../../../arm-none-eabi/lib/thumb/v6-m/crt0.o (exit)
/home/varun/tools/STM/cubeIDE/plugins/com.st.stm32cube.ide.mcu.externaltools.gnu-tools-for-stm32.7-2018-q2-update.linux64_1.4.0.202007081208/tools/bin/../lib/gcc/arm-none-eabi/7.3.1/../../../../arm-none-eabi/lib/thumb/v6-m/libc_nano.a(lib_a-impure.o)
                              /home/varun/tools/STM/cubeIDE/plugins/com.st.stm32cube.ide.mcu.externaltools.gnu-tools-for-stm32.7-2018-q2-update.linux64_1.4.0.202007081208/tools/bin/../lib/gcc/arm-none-eabi/7.3.1/../../../../arm-none-eabi/lib/thumb/v6-m/libc_nano.a(lib_a-exit.o) (_global_impure_ptr)
/home/varun/tools/STM/cubeIDE/plugins/com.st.stm32cube.ide.mcu.externaltools.gnu-tools-for-stm32.7-2018-q2-update.linux64_1.4.0.202007081208/tools/bin/../lib/gcc/arm-none-eabi/7.3.1/../../../../arm-none-eabi/lib/thumb/v6-m/libc_nano.a(lib_a-init.o)
                              /home/varun/tools/STM/cubeIDE/plugins/com.st.stm32cube.ide.mcu.externaltools.gnu-tools-for-stm32.7-2018-q2-update.linux64_1.4.0.202007081208/tools/bin/../lib/gcc/arm-none-eabi/7.3.1/../../../../arm-none-eabi/lib/thumb/v6-m/crt0.o (__libc_init_array)
/home/varun/tools/STM/cubeIDE/plugins/com.st.stm32cube.ide.mcu.externaltools.gnu-tools-for-stm32.7-2018-q2-update.linux64_1.4.0.202007081208/tools/bin/../lib/gcc/arm-none-eabi/7.3.1/../../../../arm-none-eabi/lib/thumb/v6-m/libc_nano.a(lib_a-memset.o)
                              /home/varun/tools/STM/cubeIDE/plugins/com.st.stm32cube.ide.mcu.externaltools.gnu-tools-for-stm32.7-2018-q2-update.linux64_1.4.0.202007081208/tools/bin/../lib/gcc/arm-none-eabi/7.3.1/../../../../arm-none-eabi/lib/thumb/v6-m/crt0.o (memset)
/home/varun/tools/STM/cubeIDE/plugins/com.st.stm32cube.ide.mcu.externaltools.gnu-tools-for-stm32.7-2018-q2-update.linux64_1.4.0.202007081208/tools/bin/../lib/gcc/arm-none-eabi/7.3.1/thumb/v6-m/libgcc.a(_udivsi3.o)
                              Core/Src/system_stm32g0xx.o (__aeabi_uidiv)
/home/varun/tools/STM/cubeIDE/plugins/com.st.stm32cube.ide.mcu.externaltools.gnu-tools-for-stm32.7-2018-q2-update.linux64_1.4.0.202007081208/tools/bin/../lib/gcc/arm-none-eabi/7.3.1/thumb/v6-m/libgcc.a(_dvmd_tls.o)
                              /home/varun/tools/STM/cubeIDE/plugins/com.st.stm32cube.ide.mcu.externaltools.gnu-tools-for-stm32.7-2018-q2-update.linux64_1.4.0.202007081208/tools/bin/../lib/gcc/arm-none-eabi/7.3.1/thumb/v6-m/libgcc.a(_udivsi3.o) (__aeabi_idiv0)

Allocating common symbols
Common symbol       size              file

uwTick              0x4               Drivers/STM32G0xx_HAL_Driver/Src/stm32g0xx_hal.o
temp                0x1               Core/Src/shifter.o
max_7219_buffer     0x20              Core/Src/ascii.o
hspi1               0x64              Core/Src/shifter.o

Discarded input sections

 .text          0x0000000000000000        0x0 /home/varun/tools/STM/cubeIDE/plugins/com.st.stm32cube.ide.mcu.externaltools.gnu-tools-for-stm32.7-2018-q2-update.linux64_1.4.0.202007081208/tools/bin/../lib/gcc/arm-none-eabi/7.3.1/thumb/v6-m/crti.o
 .data          0x0000000000000000        0x0 /home/varun/tools/STM/cubeIDE/plugins/com.st.stm32cube.ide.mcu.externaltools.gnu-tools-for-stm32.7-2018-q2-update.linux64_1.4.0.202007081208/tools/bin/../lib/gcc/arm-none-eabi/7.3.1/thumb/v6-m/crti.o
 .bss           0x0000000000000000        0x0 /home/varun/tools/STM/cubeIDE/plugins/com.st.stm32cube.ide.mcu.externaltools.gnu-tools-for-stm32.7-2018-q2-update.linux64_1.4.0.202007081208/tools/bin/../lib/gcc/arm-none-eabi/7.3.1/thumb/v6-m/crti.o
 .data          0x0000000000000000        0x4 /home/varun/tools/STM/cubeIDE/plugins/com.st.stm32cube.ide.mcu.externaltools.gnu-tools-for-stm32.7-2018-q2-update.linux64_1.4.0.202007081208/tools/bin/../lib/gcc/arm-none-eabi/7.3.1/thumb/v6-m/crtbegin.o
 .text          0x0000000000000000       0x78 /home/varun/tools/STM/cubeIDE/plugins/com.st.stm32cube.ide.mcu.externaltools.gnu-tools-for-stm32.7-2018-q2-update.linux64_1.4.0.202007081208/tools/bin/../lib/gcc/arm-none-eabi/7.3.1/../../../../arm-none-eabi/lib/thumb/v6-m/crt0.o
[...]
Memory Configuration

Name             Origin             Length             Attributes
RAM              0x0000000020000000 0x0000000000009000 xrw
FLASH            0x0000000008000000 0x0000000000020000 xr
*default*        0x0000000000000000 0xffffffffffffffff

Linker script and memory map

LOAD /home/varun/tools/STM/cubeIDE/plugins/com.st.stm32cube.ide.mcu.externaltools.gnu-tools-for-stm32.7-2018-q2-update.linux64_1.4.0.202007081208/tools/bin/../lib/gcc/arm-none-eabi/7.3.1/thumb/v6-m/crti.o
LOAD /home/varun/tools/STM/cubeIDE/plugins/com.st.stm32cube.ide.mcu.externaltools.gnu-tools-for-stm32.7-2018-q2-update.linux64_1.4.0.202007081208/tools/bin/../lib/gcc/arm-none-eabi/7.3.1/thumb/v6-m/crtbegin.o
LOAD /home/varun/tools/STM/cubeIDE/plugins/com.st.stm32cube.ide.mcu.externaltools.gnu-tools-for-stm32.7-2018-q2-update.linux64_1.4.0.202007081208/tools/bin/../lib/gcc/arm-none-eabi/7.3.1/../../../../arm-none-eabi/lib/thumb/v6-m/crt0.o
LOAD Core/Src/ascii.o
LOAD Core/Src/main.o
LOAD Core/Src/max7219.o
LOAD Core/Src/shifter.o
LOAD Core/Src/stm32g0xx_hal_msp.o
LOAD Core/Src/stm32g0xx_it.o
LOAD Core/Src/syscalls.o
LOAD Core/Src/sysmem.o
LOAD Core/Src/system_stm32g0xx.o
LOAD Core/Src/tetric.o
LOAD Core/Startup/startup_stm32g071rbtx.o
LOAD Drivers/STM32G0xx_HAL_Driver/Src/stm32g0xx_hal.o
LOAD Drivers/STM32G0xx_HAL_Driver/Src/stm32g0xx_hal_cortex.o
LOAD Drivers/STM32G0xx_HAL_Driver/Src/stm32g0xx_hal_dma.o
LOAD Drivers/STM32G0xx_HAL_Driver/Src/stm32g0xx_hal_dma_ex.o
LOAD Drivers/STM32G0xx_HAL_Driver/Src/stm32g0xx_hal_exti.o
LOAD Drivers/STM32G0xx_HAL_Driver/Src/stm32g0xx_hal_flash.o
LOAD Drivers/STM32G0xx_HAL_Driver/Src/stm32g0xx_hal_flash_ex.o
LOAD Drivers/STM32G0xx_HAL_Driver/Src/stm32g0xx_hal_gpio.o
LOAD Drivers/STM32G0xx_HAL_Driver/Src/stm32g0xx_hal_pwr.o
LOAD Drivers/STM32G0xx_HAL_Driver/Src/stm32g0xx_hal_pwr_ex.o
LOAD Drivers/STM32G0xx_HAL_Driver/Src/stm32g0xx_hal_rcc.o
LOAD Drivers/STM32G0xx_HAL_Driver/Src/stm32g0xx_hal_rcc_ex.o
LOAD Drivers/STM32G0xx_HAL_Driver/Src/stm32g0xx_hal_spi.o
LOAD Drivers/STM32G0xx_HAL_Driver/Src/stm32g0xx_hal_spi_ex.o
LOAD Drivers/STM32G0xx_HAL_Driver/Src/stm32g0xx_hal_tim.o
LOAD Drivers/STM32G0xx_HAL_Driver/Src/stm32g0xx_hal_tim_ex.o
LOAD Drivers/STM32G0xx_HAL_Driver/Src/stm32g0xx_ll_dma.o
LOAD Drivers/STM32G0xx_HAL_Driver/Src/stm32g0xx_ll_rcc.o
START GROUP
LOAD /home/varun/tools/STM/cubeIDE/plugins/com.st.stm32cube.ide.mcu.externaltools.gnu-tools-for-stm32.7-2018-q2-update.linux64_1.4.0.202007081208/tools/bin/../lib/gcc/arm-none-eabi/7.3.1/../../../../arm-none-eabi/lib/thumb/v6-m/libc_nano.a
LOAD /home/varun/tools/STM/cubeIDE/plugins/com.st.stm32cube.ide.mcu.externaltools.gnu-tools-for-stm32.7-2018-q2-update.linux64_1.4.0.202007081208/tools/bin/../lib/gcc/arm-none-eabi/7.3.1/../../../../arm-none-eabi/lib/thumb/v6-m/libm.a
END GROUP
START GROUP
LOAD /home/varun/tools/STM/cubeIDE/plugins/com.st.stm32cube.ide.mcu.externaltools.gnu-tools-for-stm32.7-2018-q2-update.linux64_1.4.0.202007081208/tools/bin/../lib/gcc/arm-none-eabi/7.3.1/thumb/v6-m/libgcc.a
LOAD /home/varun/tools/STM/cubeIDE/plugins/com.st.stm32cube.ide.mcu.externaltools.gnu-tools-for-stm32.7-2018-q2-update.linux64_1.4.0.202007081208/tools/bin/../lib/gcc/arm-none-eabi/7.3.1/../../../../arm-none-eabi/lib/thumb/v6-m/libc_nano.a
END GROUP
START GROUP
LOAD /home/varun/tools/STM/cubeIDE/plugins/com.st.stm32cube.ide.mcu.externaltools.gnu-tools-for-stm32.7-2018-q2-update.linux64_1.4.0.202007081208/tools/bin/../lib/gcc/arm-none-eabi/7.3.1/thumb/v6-m/libgcc.a
LOAD /home/varun/tools/STM/cubeIDE/plugins/com.st.stm32cube.ide.mcu.externaltools.gnu-tools-for-stm32.7-2018-q2-update.linux64_1.4.0.202007081208/tools/bin/../lib/gcc/arm-none-eabi/7.3.1/../../../../arm-none-eabi/lib/thumb/v6-m/libc_nano.a
LOAD /home/varun/tools/STM/cubeIDE/plugins/com.st.stm32cube.ide.mcu.externaltools.gnu-tools-for-stm32.7-2018-q2-update.linux64_1.4.0.202007081208/tools/bin/../lib/gcc/arm-none-eabi/7.3.1/../../../../arm-none-eabi/lib/thumb/v6-m/libnosys.a
END GROUP
START GROUP
LOAD /home/varun/tools/STM/cubeIDE/plugins/com.st.stm32cube.ide.mcu.externaltools.gnu-tools-for-stm32.7-2018-q2-update.linux64_1.4.0.202007081208/tools/bin/../lib/gcc/arm-none-eabi/7.3.1/thumb/v6-m/libgcc.a
LOAD /home/varun/tools/STM/cubeIDE/plugins/com.st.stm32cube.ide.mcu.externaltools.gnu-tools-for-stm32.7-2018-q2-update.linux64_1.4.0.202007081208/tools/bin/../lib/gcc/arm-none-eabi/7.3.1/../../../../arm-none-eabi/lib/thumb/v6-m/libc_nano.a
LOAD /home/varun/tools/STM/cubeIDE/plugins/com.st.stm32cube.ide.mcu.externaltools.gnu-tools-for-stm32.7-2018-q2-update.linux64_1.4.0.202007081208/tools/bin/../lib/gcc/arm-none-eabi/7.3.1/../../../../arm-none-eabi/lib/thumb/v6-m/libnosys.a
END GROUP
LOAD /home/varun/tools/STM/cubeIDE/plugins/com.st.stm32cube.ide.mcu.externaltools.gnu-tools-for-stm32.7-2018-q2-update.linux64_1.4.0.202007081208/tools/bin/../lib/gcc/arm-none-eabi/7.3.1/thumb/v6-m/crtend.o
LOAD /home/varun/tools/STM/cubeIDE/plugins/com.st.stm32cube.ide.mcu.externaltools.gnu-tools-for-stm32.7-2018-q2-update.linux64_1.4.0.202007081208/tools/bin/../lib/gcc/arm-none-eabi/7.3.1/thumb/v6-m/crtn.o
                0x0000000020009000                _estack = (ORIGIN (RAM) + LENGTH (RAM))
                0x0000000000000200                _Min_Heap_Size = 0x200
                0x0000000000000400                _Min_Stack_Size = 0x400

.isr_vector     0x0000000008000000       0xbc
                0x0000000008000000                . = ALIGN (0x4)
 *(.isr_vector)
 .isr_vector    0x0000000008000000       0xbc Core/Startup/startup_stm32g071rbtx.o
                0x0000000008000000                g_pfnVectors
                0x00000000080000bc                . = ALIGN (0x4)

.text           0x00000000080000bc     0x1f60
                0x00000000080000bc                . = ALIGN (0x4)
 *(.text)
 .text          0x00000000080000bc       0x48 /home/varun/tools/STM/cubeIDE/plugins/com.st.stm32cube.ide.mcu.externaltools.gnu-tools-for-stm32.7-2018-q2-update.linux64_1.4.0.202007081208/tools/bin/../lib/gcc/arm-none-eabi/7.3.1/thumb/v6-m/crtbegin.o
 .text          0x0000000008000104      0x114 /home/varun/tools/STM/cubeIDE/plugins/com.st.stm32cube.ide.mcu.externaltools.gnu-tools-for-stm32.7-2018-q2-update.linux64_1.4.0.202007081208/tools/bin/../lib/gcc/arm-none-eabi/7.3.1/thumb/v6-m/libgcc.a(_udivsi3.o)
                0x0000000008000104                __udivsi3
                0x0000000008000104                __aeabi_uidiv
                0x0000000008000210                __aeabi_uidivmod
 .text          0x0000000008000218        0x4 /home/varun/tools/STM/cubeIDE/plugins/com.st.stm32cube.ide.mcu.externaltools.gnu-tools-for-stm32.7-2018-q2-update.linux64_1.4.0.202007081208/tools/bin/../lib/gcc/arm-none-eabi/7.3.1/thumb/v6-m/libgcc.a(_dvmd_tls.o)
                0x0000000008000218                __aeabi_ldiv0
                0x0000000008000218                __aeabi_idiv0
 *(.text*)
 .text.printBuffer
                0x000000000800021c       0x88 Core/Src/ascii.o
                0x000000000800021c                printBuffer
 .text.updateBuffer
                0x00000000080002a4       0xb0 Core/Src/ascii.o
                0x00000000080002a4                updateBuffer
 .text.initBuffer
                0x0000000008000354       0x5c Core/Src/ascii.o
                0x0000000008000354                initBuffer
 .text.main     0x00000000080003b0       0x20 Core/Src/main.o
                0x00000000080003b0                main
 .text.SystemClock_Config
                0x00000000080003d0       0x90 Core/Src/main.o
                0x00000000080003d0                SystemClock_Config
 .text.Error_Handler
                0x0000000008000460        0xa Core/Src/main.o
                0x0000000008000460                Error_Handler
 *fill*         0x000000000800046a        0x2 
 .text.max_init
                0x000000000800046c       0xe0 Core/Src/max7219.o
                0x000000000800046c                max_init
 .text.max_load_low
                0x000000000800054c       0x20 Core/Src/max7219.o
                0x000000000800054c                max_load_low
 .text.max_load_high
                0x000000000800056c       0x1c Core/Src/max7219.o
                0x000000000800056c                max_load_high
 .text.max_send_data_spi
                0x0000000008000588       0x20 Core/Src/max7219.o
                0x0000000008000588                max_send_data_spi
 .text.max_send_data_spi_r
                0x00000000080005a8       0x20 Core/Src/max7219.o
                0x00000000080005a8                max_send_data_spi_r
 .text.init_shifter
                0x00000000080005c8       0x44 Core/Src/shifter.o
                0x00000000080005c8                init_shifter
 .text.shiftout_spi
                0x000000000800060c       0x68 Core/Src/shifter.o
                0x000000000800060c                shiftout_spi
 .text.shiftout_spi_r
                0x0000000008000674       0x68 Core/Src/shifter.o
                0x0000000008000674                shiftout_spi_r
 .text.MX_GPIO_Init
                0x00000000080006dc       0x8c Core/Src/shifter.o
                0x00000000080006dc                MX_GPIO_Init
 .text.MX_SPI1_Init
                0x0000000008000768       0x7c Core/Src/shifter.o
                0x0000000008000768                MX_SPI1_Init
 .text.HAL_MspInit
                0x00000000080007e4       0x50 Core/Src/stm32g0xx_hal_msp.o
                0x00000000080007e4                HAL_MspInit
 .text.HAL_SPI_MspInit
                0x0000000008000834       0x94 Core/Src/stm32g0xx_hal_msp.o
                0x0000000008000834                HAL_SPI_MspInit
 .text.NMI_Handler
                0x00000000080008c8        0xa Core/Src/stm32g0xx_it.o
                0x00000000080008c8                NMI_Handler
 .text.HardFault_Handler
                0x00000000080008d2        0x6 Core/Src/stm32g0xx_it.o
                0x00000000080008d2                HardFault_Handler
 .text.SVC_Handler
                0x00000000080008d8        0xa Core/Src/stm32g0xx_it.o
                0x00000000080008d8                SVC_Handler
 .text.PendSV_Handler
                0x00000000080008e2        0xa Core/Src/stm32g0xx_it.o
                0x00000000080008e2                PendSV_Handler
 .text.SysTick_Handler
                0x00000000080008ec        0xe Core/Src/stm32g0xx_it.o
                0x00000000080008ec                SysTick_Handler
 *fill*         0x00000000080008fa        0x2 
 .text.SystemInit
                0x00000000080008fc       0x18 Core/Src/system_stm32g0xx.o
                0x00000000080008fc                SystemInit
 .text.Reset_Handler
                0x0000000008000914       0x50 Core/Startup/startup_stm32g071rbtx.o
                0x0000000008000914                Reset_Handler
 .text.Default_Handler
                0x0000000008000964        0x2 Core/Startup/startup_stm32g071rbtx.o
                0x0000000008000964                USART3_4_LPUART1_IRQHandler
                0x0000000008000964                TIM1_CC_IRQHandler
                0x0000000008000964                ADC1_COMP_IRQHandler
                0x0000000008000964                PVD_IRQHandler
                0x0000000008000964                I2C1_IRQHandler
                0x0000000008000964                TIM7_LPTIM2_IRQHandler
                0x0000000008000964                RTC_TAMP_IRQHandler
                0x0000000008000964                SPI1_IRQHandler
                0x0000000008000964                EXTI2_3_IRQHandler
                0x0000000008000964                I2C2_IRQHandler
                0x0000000008000964                TIM17_IRQHandler
                0x0000000008000964                TIM16_IRQHandler
                0x0000000008000964                TIM3_IRQHandler
                0x0000000008000964                EXTI4_15_IRQHandler
                0x0000000008000964                RCC_IRQHandler
                0x0000000008000964                DMA1_Channel1_IRQHandler
                0x0000000008000964                Default_Handler
                0x0000000008000964                CEC_IRQHandler
                0x0000000008000964                TIM14_IRQHandler
                0x0000000008000964                TIM15_IRQHandler
                0x0000000008000964                EXTI0_1_IRQHandler
                0x0000000008000964                SPI2_IRQHandler
                0x0000000008000964                TIM6_DAC_LPTIM1_IRQHandler
                0x0000000008000964                WWDG_IRQHandler
                0x0000000008000964                TIM2_IRQHandler
                0x0000000008000964                DMA1_Ch4_7_DMAMUX1_OVR_IRQHandler
                0x0000000008000964                DMA1_Channel2_3_IRQHandler
                0x0000000008000964                UCPD1_2_IRQHandler
                0x0000000008000964                USART2_IRQHandler
                0x0000000008000964                FLASH_IRQHandler
                0x0000000008000964                USART1_IRQHandler
                0x0000000008000964                TIM1_BRK_UP_TRG_COM_IRQHandler
 *fill*         0x0000000008000966        0x2 
 .text.HAL_Init
                0x0000000008000968       0x40 Drivers/STM32G0xx_HAL_Driver/Src/stm32g0xx_hal.o
                0x0000000008000968                HAL_Init
 .text.HAL_InitTick
                0x00000000080009a8       0x94 Drivers/STM32G0xx_HAL_Driver/Src/stm32g0xx_hal.o
                0x00000000080009a8                HAL_InitTick
 .text.HAL_IncTick
                0x0000000008000a3c       0x20 Drivers/STM32G0xx_HAL_Driver/Src/stm32g0xx_hal.o
                0x0000000008000a3c                HAL_IncTick
 .text.HAL_GetTick
                0x0000000008000a5c       0x14 Drivers/STM32G0xx_HAL_Driver/Src/stm32g0xx_hal.o
                0x0000000008000a5c                HAL_GetTick
 .text.HAL_Delay
                0x0000000008000a70       0x44 Drivers/STM32G0xx_HAL_Driver/Src/stm32g0xx_hal.o
                0x0000000008000a70                HAL_Delay
 .text.HAL_SYSCFG_StrobeDBattpinsConfig
                0x0000000008000ab4       0x2c Drivers/STM32G0xx_HAL_Driver/Src/stm32g0xx_hal.o
                0x0000000008000ab4                HAL_SYSCFG_StrobeDBattpinsConfig
 .text.__NVIC_SetPriority
                0x0000000008000ae0       0xdc Drivers/STM32G0xx_HAL_Driver/Src/stm32g0xx_hal_cortex.o
 .text.SysTick_Config
                0x0000000008000bbc       0x48 Drivers/STM32G0xx_HAL_Driver/Src/stm32g0xx_hal_cortex.o
 .text.HAL_NVIC_SetPriority
                0x0000000008000c04       0x2a Drivers/STM32G0xx_HAL_Driver/Src/stm32g0xx_hal_cortex.o
                0x0000000008000c04                HAL_NVIC_SetPriority
 .text.HAL_SYSTICK_Config
                0x0000000008000c2e       0x1a Drivers/STM32G0xx_HAL_Driver/Src/stm32g0xx_hal_cortex.o
                0x0000000008000c2e                HAL_SYSTICK_Config
 .text.HAL_GPIO_Init
                0x0000000008000c48      0x2c8 Drivers/STM32G0xx_HAL_Driver/Src/stm32g0xx_hal_gpio.o
                0x0000000008000c48                HAL_GPIO_Init
 .text.HAL_GPIO_WritePin
                0x0000000008000f10       0x3a Drivers/STM32G0xx_HAL_Driver/Src/stm32g0xx_hal_gpio.o
                0x0000000008000f10                HAL_GPIO_WritePin
 *fill*         0x0000000008000f4a        0x2 
 .text.HAL_PWREx_ControlVoltageScaling
                0x0000000008000f4c       0x80 Drivers/STM32G0xx_HAL_Driver/Src/stm32g0xx_hal_pwr_ex.o
                0x0000000008000f4c                HAL_PWREx_ControlVoltageScaling
 .text.HAL_RCC_OscConfig
                0x0000000008000fcc      0x640 Drivers/STM32G0xx_HAL_Driver/Src/stm32g0xx_hal_rcc.o
                0x0000000008000fcc                HAL_RCC_OscConfig
 .text.HAL_RCC_ClockConfig
                0x000000000800160c      0x210 Drivers/STM32G0xx_HAL_Driver/Src/stm32g0xx_hal_rcc.o
                0x000000000800160c                HAL_RCC_ClockConfig
 .text.HAL_RCC_GetSysClockFreq
                0x000000000800181c      0x104 Drivers/STM32G0xx_HAL_Driver/Src/stm32g0xx_hal_rcc.o
                0x000000000800181c                HAL_RCC_GetSysClockFreq
 .text.HAL_SPI_Init
                0x0000000008001920      0x134 Drivers/STM32G0xx_HAL_Driver/Src/stm32g0xx_hal_spi.o
                0x0000000008001920                HAL_SPI_Init
 .text.HAL_SPI_Transmit
                0x0000000008001a54      0x302 Drivers/STM32G0xx_HAL_Driver/Src/stm32g0xx_hal_spi.o
                0x0000000008001a54                HAL_SPI_Transmit
 *fill*         0x0000000008001d56        0x2 
 .text.SPI_WaitFlagStateUntilTimeout
                0x0000000008001d58       0xe0 Drivers/STM32G0xx_HAL_Driver/Src/stm32g0xx_hal_spi.o
 .text.SPI_WaitFifoStateUntilTimeout
                0x0000000008001e38       0xe8 Drivers/STM32G0xx_HAL_Driver/Src/stm32g0xx_hal_spi.o
 .text.SPI_EndRxTxTransaction
                0x0000000008001f20       0x8c Drivers/STM32G0xx_HAL_Driver/Src/stm32g0xx_hal_spi.o
 .text.__libc_init_array
                0x0000000008001fac       0x48 /home/varun/tools/STM/cubeIDE/plugins/com.st.stm32cube.ide.mcu.externaltools.gnu-tools-for-stm32.7-2018-q2-update.linux64_1.4.0.202007081208/tools/bin/../lib/gcc/arm-none-eabi/7.3.1/../../../../arm-none-eabi/lib/thumb/v6-m/libc_nano.a(lib_a-init.o)
                0x0000000008001fac                __libc_init_array
 .text.memset   0x0000000008001ff4       0x10 /home/varun/tools/STM/cubeIDE/plugins/com.st.stm32cube.ide.mcu.externaltools.gnu-tools-for-stm32.7-2018-q2-update.linux64_1.4.0.202007081208/tools/bin/../lib/gcc/arm-none-eabi/7.3.1/../../../../arm-none-eabi/lib/thumb/v6-m/libc_nano.a(lib_a-memset.o)
                0x0000000008001ff4                memset
 *(.glue_7)
 .glue_7        0x0000000008002004        0x0 linker stubs
 *(.glue_7t)
 .glue_7t       0x0000000008002004        0x0 linker stubs
 *(.eh_frame)
 .eh_frame      0x0000000008002004        0x0 /home/varun/tools/STM/cubeIDE/plugins/com.st.stm32cube.ide.mcu.externaltools.gnu-tools-for-stm32.7-2018-q2-update.linux64_1.4.0.202007081208/tools/bin/../lib/gcc/arm-none-eabi/7.3.1/thumb/v6-m/crtbegin.o
 *(.init)
 .init          0x0000000008002004        0x4 /home/varun/tools/STM/cubeIDE/plugins/com.st.stm32cube.ide.mcu.externaltools.gnu-tools-for-stm32.7-2018-q2-update.linux64_1.4.0.202007081208/tools/bin/../lib/gcc/arm-none-eabi/7.3.1/thumb/v6-m/crti.o
                0x0000000008002004                _init
 .init          0x0000000008002008        0x8 /home/varun/tools/STM/cubeIDE/plugins/com.st.stm32cube.ide.mcu.externaltools.gnu-tools-for-stm32.7-2018-q2-update.linux64_1.4.0.202007081208/tools/bin/../lib/gcc/arm-none-eabi/7.3.1/thumb/v6-m/crtn.o
 *(.fini)
 .fini          0x0000000008002010        0x4 /home/varun/tools/STM/cubeIDE/plugins/com.st.stm32cube.ide.mcu.externaltools.gnu-tools-for-stm32.7-2018-q2-update.linux64_1.4.0.202007081208/tools/bin/../lib/gcc/arm-none-eabi/7.3.1/thumb/v6-m/crti.o
                0x0000000008002010                _fini
 .fini          0x0000000008002014        0x8 /home/varun/tools/STM/cubeIDE/plugins/com.st.stm32cube.ide.mcu.externaltools.gnu-tools-for-stm32.7-2018-q2-update.linux64_1.4.0.202007081208/tools/bin/../lib/gcc/arm-none-eabi/7.3.1/thumb/v6-m/crtn.o
                0x000000000800201c                . = ALIGN (0x4)
                0x000000000800201c                _etext = .

.vfp11_veneer   0x000000000800201c        0x0
 .vfp11_veneer  0x000000000800201c        0x0 linker stubs

.v4_bx          0x000000000800201c        0x0
 .v4_bx         0x000000000800201c        0x0 linker stubs

.iplt           0x000000000800201c        0x0
 .iplt          0x000000000800201c        0x0 /home/varun/tools/STM/cubeIDE/plugins/com.st.stm32cube.ide.mcu.externaltools.gnu-tools-for-stm32.7-2018-q2-update.linux64_1.4.0.202007081208/tools/bin/../lib/gcc/arm-none-eabi/7.3.1/thumb/v6-m/crtbegin.o

.rodata         0x000000000800201c       0x40
                0x000000000800201c                . = ALIGN (0x4)
 *(.rodata)
 *(.rodata*)
 .rodata.AHBPrescTable
                0x000000000800201c       0x40 Core/Src/system_stm32g0xx.o
                0x000000000800201c                AHBPrescTable
                0x000000000800205c                . = ALIGN (0x4)

.rel.dyn        0x000000000800205c        0x0
 .rel.iplt      0x000000000800205c        0x0 /home/varun/tools/STM/cubeIDE/plugins/com.st.stm32cube.ide.mcu.externaltools.gnu-tools-for-stm32.7-2018-q2-update.linux64_1.4.0.202007081208/tools/bin/../lib/gcc/arm-none-eabi/7.3.1/thumb/v6-m/crtbegin.o

.ARM.extab      0x000000000800205c        0x0
                0x000000000800205c                . = ALIGN (0x4)
 *(.ARM.extab* .gnu.linkonce.armextab.*)
                0x000000000800205c                . = ALIGN (0x4)

.ARM            0x000000000800205c        0x0
                0x000000000800205c                . = ALIGN (0x4)
                0x000000000800205c                __exidx_start = .
 *(.ARM.exidx*)
                0x000000000800205c                __exidx_end = .
                0x000000000800205c                . = ALIGN (0x4)

.preinit_array  0x000000000800205c        0x0
                0x000000000800205c                . = ALIGN (0x4)
                0x000000000800205c                PROVIDE (__preinit_array_start = .)
 *(.preinit_array*)
                0x000000000800205c                PROVIDE (__preinit_array_end = .)
                0x000000000800205c                . = ALIGN (0x4)

.init_array     0x000000000800205c        0x4
                0x000000000800205c                . = ALIGN (0x4)
                0x000000000800205c                PROVIDE (__init_array_start = .)
 *(SORT_BY_NAME(.init_array.*))
 *(.init_array*)
 .init_array    0x000000000800205c        0x4 /home/varun/tools/STM/cubeIDE/plugins/com.st.stm32cube.ide.mcu.externaltools.gnu-tools-for-stm32.7-2018-q2-update.linux64_1.4.0.202007081208/tools/bin/../lib/gcc/arm-none-eabi/7.3.1/thumb/v6-m/crtbegin.o
                0x0000000008002060                PROVIDE (__init_array_end = .)
                0x0000000008002060                . = ALIGN (0x4)

.fini_array     0x0000000008002060        0x4
                0x0000000008002060                . = ALIGN (0x4)
                [!provide]                        PROVIDE (__fini_array_start = .)
 *(SORT_BY_NAME(.fini_array.*))
 *(.fini_array*)
 .fini_array    0x0000000008002060        0x4 /home/varun/tools/STM/cubeIDE/plugins/com.st.stm32cube.ide.mcu.externaltools.gnu-tools-for-stm32.7-2018-q2-update.linux64_1.4.0.202007081208/tools/bin/../lib/gcc/arm-none-eabi/7.3.1/thumb/v6-m/crtbegin.o
                [!provide]                        PROVIDE (__fini_array_end = .)
                0x0000000008002064                . = ALIGN (0x4)
                0x0000000008002064                _sidata = LOADADDR (.data)

.data           0x0000000020000000        0xc load address 0x0000000008002064
                0x0000000020000000                . = ALIGN (0x4)
                0x0000000020000000                _sdata = .
 *(.data)
 *(.data*)
 .data.SystemCoreClock
                0x0000000020000000        0x4 Core/Src/system_stm32g0xx.o
                0x0000000020000000                SystemCoreClock
 .data.uwTickPrio
                0x0000000020000004        0x4 Drivers/STM32G0xx_HAL_Driver/Src/stm32g0xx_hal.o
                0x0000000020000004                uwTickPrio
 .data.uwTickFreq
                0x0000000020000008        0x4 Drivers/STM32G0xx_HAL_Driver/Src/stm32g0xx_hal.o
                0x0000000020000008                uwTickFreq
                0x000000002000000c                . = ALIGN (0x4)
                0x000000002000000c                _edata = .

.igot.plt       0x000000002000000c        0x0 load address 0x0000000008002070
 .igot.plt      0x000000002000000c        0x0 /home/varun/tools/STM/cubeIDE/plugins/com.st.stm32cube.ide.mcu.externaltools.gnu-tools-for-stm32.7-2018-q2-update.linux64_1.4.0.202007081208/tools/bin/../lib/gcc/arm-none-eabi/7.3.1/thumb/v6-m/crtbegin.o
                0x000000002000000c                . = ALIGN (0x4)

.bss            0x000000002000000c       0xac load address 0x0000000008002070
                0x000000002000000c                _sbss = .
                0x000000002000000c                __bss_start__ = _sbss
 *(.bss)
 .bss           0x000000002000000c       0x1c /home/varun/tools/STM/cubeIDE/plugins/com.st.stm32cube.ide.mcu.externaltools.gnu-tools-for-stm32.7-2018-q2-update.linux64_1.4.0.202007081208/tools/bin/../lib/gcc/arm-none-eabi/7.3.1/thumb/v6-m/crtbegin.o
 *(.bss*)
 .bss.i.6369    0x0000000020000028        0x1 Core/Src/ascii.o
 *(COMMON)
 *fill*         0x0000000020000029        0x3 
 COMMON         0x000000002000002c       0x20 Core/Src/ascii.o
                0x000000002000002c                max_7219_buffer
 COMMON         0x000000002000004c       0x68 Core/Src/shifter.o
                0x000000002000004c                temp
                0x0000000020000050                hspi1
 COMMON         0x00000000200000b4        0x4 Drivers/STM32G0xx_HAL_Driver/Src/stm32g0xx_hal.o
                0x00000000200000b4                uwTick
                0x00000000200000b8                . = ALIGN (0x4)
                0x00000000200000b8                _ebss = .
                0x00000000200000b8                __bss_end__ = _ebss

._user_heap_stack
                0x00000000200000b8      0x600 load address 0x0000000008002070
                0x00000000200000b8                . = ALIGN (0x8)
                [!provide]                        PROVIDE (end = .)
                0x00000000200000b8                PROVIDE (_end = .)
                0x00000000200002b8                . = (. + _Min_Heap_Size)
 *fill*         0x00000000200000b8      0x200 
                0x00000000200006b8                . = (. + _Min_Stack_Size)
 *fill*         0x00000000200002b8      0x400 
                0x00000000200006b8                . = ALIGN (0x8)

/DISCARD/
 libc.a(*)
 libm.a(*)
 libgcc.a(*)

.ARM.attributes
                0x0000000000000000       0x28
 *(.ARM.attributes)
 .ARM.attributes
                0x0000000000000000       0x1e /home/varun/tools/STM/cubeIDE/plugins/com.st.stm32cube.ide.mcu.externaltools.gnu-tools-for-stm32.7-2018-q2-update.linux64_1.4.0.202007081208/tools/bin/../lib/gcc/arm-none-eabi/7.3.1/thumb/v6-m/crti.o
 .ARM.attributes
                0x000000000000001e       0x2c /home/varun/tools/STM/cubeIDE/plugins/com.st.stm32cube.ide.mcu.externaltools.gnu-tools-for-stm32.7-2018-q2-update.linux64_1.4.0.202007081208/tools/bin/../lib/gcc/arm-none-eabi/7.3.1/thumb/v6-m/crtbegin.o
 .ARM.attributes
                0x000000000000004a       0x32 Core/Src/ascii.o
 .ARM.attributes
                0x000000000000007c       0x32 Core/Src/main.o
 .ARM.attributes
                0x00000000000000ae       0x32 Core/Src/max7219.o
 .ARM.attributes
                0x00000000000000e0       0x32 Core/Src/shifter.o
 .ARM.attributes
                0x0000000000000112       0x32 Core/Src/stm32g0xx_hal_msp.o
 .ARM.attributes
                0x0000000000000144       0x32 Core/Src/stm32g0xx_it.o
 .ARM.attributes
                0x0000000000000176       0x32 Core/Src/system_stm32g0xx.o
 .ARM.attributes
                0x00000000000001a8       0x21 Core/Startup/startup_stm32g071rbtx.o
 .ARM.attributes
                0x00000000000001c9       0x32 Drivers/STM32G0xx_HAL_Driver/Src/stm32g0xx_hal.o
 .ARM.attributes
                0x00000000000001fb       0x32 Drivers/STM32G0xx_HAL_Driver/Src/stm32g0xx_hal_cortex.o
 .ARM.attributes
                0x000000000000022d       0x32 Drivers/STM32G0xx_HAL_Driver/Src/stm32g0xx_hal_gpio.o
 .ARM.attributes
                0x000000000000025f       0x32 Drivers/STM32G0xx_HAL_Driver/Src/stm32g0xx_hal_pwr_ex.o
 .ARM.attributes
                0x0000000000000291       0x32 Drivers/STM32G0xx_HAL_Driver/Src/stm32g0xx_hal_rcc.o
 .ARM.attributes
                0x00000000000002c3       0x32 Drivers/STM32G0xx_HAL_Driver/Src/stm32g0xx_hal_spi.o
 .ARM.attributes
                0x00000000000002f5       0x2c /home/varun/tools/STM/cubeIDE/plugins/com.st.stm32cube.ide.mcu.externaltools.gnu-tools-for-stm32.7-2018-q2-update.linux64_1.4.0.202007081208/tools/bin/../lib/gcc/arm-none-eabi/7.3.1/../../../../arm-none-eabi/lib/thumb/v6-m/libc_nano.a(lib_a-init.o)
 .ARM.attributes
                0x0000000000000321       0x2c /home/varun/tools/STM/cubeIDE/plugins/com.st.stm32cube.ide.mcu.externaltools.gnu-tools-for-stm32.7-2018-q2-update.linux64_1.4.0.202007081208/tools/bin/../lib/gcc/arm-none-eabi/7.3.1/../../../../arm-none-eabi/lib/thumb/v6-m/libc_nano.a(lib_a-memset.o)
 .ARM.attributes
                0x000000000000034d       0x1e /home/varun/tools/STM/cubeIDE/plugins/com.st.stm32cube.ide.mcu.externaltools.gnu-tools-for-stm32.7-2018-q2-update.linux64_1.4.0.202007081208/tools/bin/../lib/gcc/arm-none-eabi/7.3.1/thumb/v6-m/libgcc.a(_udivsi3.o)
 .ARM.attributes
                0x000000000000036b       0x1e /home/varun/tools/STM/cubeIDE/plugins/com.st.stm32cube.ide.mcu.externaltools.gnu-tools-for-stm32.7-2018-q2-update.linux64_1.4.0.202007081208/tools/bin/../lib/gcc/arm-none-eabi/7.3.1/thumb/v6-m/libgcc.a(_dvmd_tls.o)
 .ARM.attributes
                0x0000000000000389       0x1e /home/varun/tools/STM/cubeIDE/plugins/com.st.stm32cube.ide.mcu.externaltools.gnu-tools-for-stm32.7-2018-q2-update.linux64_1.4.0.202007081208/tools/bin/../lib/gcc/arm-none-eabi/7.3.1/thumb/v6-m/crtn.o
OUTPUT(Tetris.elf elf32-littlearm)

.debug_info     0x0000000000000000     0x7007
 .debug_info    0x0000000000000000      0xabb Core/Src/ascii.o
 .debug_info    0x0000000000000abb      0x333 Core/Src/main.o
 .debug_info    0x0000000000000dee      0x3ee Core/Src/max7219.o
 .debug_info    0x00000000000011dc      0xbc3 Core/Src/shifter.o
 .debug_info    0x0000000000001d9f      0xa27 Core/Src/stm32g0xx_hal_msp.o
 .debug_info    0x00000000000027c6      0x1e8 Core/Src/stm32g0xx_it.o
 .debug_info    0x00000000000029ae      0x434 Core/Src/system_stm32g0xx.o
 .debug_info    0x0000000000002de2       0x22 Core/Startup/startup_stm32g071rbtx.o
 .debug_info    0x0000000000002e04      0xa11 Drivers/STM32G0xx_HAL_Driver/Src/stm32g0xx_hal.o
 .debug_info    0x0000000000003815      0x971 Drivers/STM32G0xx_HAL_Driver/Src/stm32g0xx_hal_cortex.o
 .debug_info    0x0000000000004186      0x67f Drivers/STM32G0xx_HAL_Driver/Src/stm32g0xx_hal_gpio.o
 .debug_info    0x0000000000004805      0x64f Drivers/STM32G0xx_HAL_Driver/Src/stm32g0xx_hal_pwr_ex.o
 .debug_info    0x0000000000004e54      0xab0 Drivers/STM32G0xx_HAL_Driver/Src/stm32g0xx_hal_rcc.o
 .debug_info    0x0000000000005904     0x1703 Drivers/STM32G0xx_HAL_Driver/Src/stm32g0xx_hal_spi.o

.debug_abbrev   0x0000000000000000     0x1690
 .debug_abbrev  0x0000000000000000      0x1d6 Core/Src/ascii.o
 .debug_abbrev  0x00000000000001d6      0x11c Core/Src/main.o
 .debug_abbrev  0x00000000000002f2      0x16d Core/Src/max7219.o
 .debug_abbrev  0x000000000000045f      0x1c6 Core/Src/shifter.o
 .debug_abbrev  0x0000000000000625      0x18c Core/Src/stm32g0xx_hal_msp.o
 .debug_abbrev  0x00000000000007b1       0xe2 Core/Src/stm32g0xx_it.o
 .debug_abbrev  0x0000000000000893      0x147 Core/Src/system_stm32g0xx.o
 .debug_abbrev  0x00000000000009da       0x12 Core/Startup/startup_stm32g071rbtx.o
 .debug_abbrev  0x00000000000009ec      0x242 Drivers/STM32G0xx_HAL_Driver/Src/stm32g0xx_hal.o
 .debug_abbrev  0x0000000000000c2e      0x27c Drivers/STM32G0xx_HAL_Driver/Src/stm32g0xx_hal_cortex.o
 .debug_abbrev  0x0000000000000eaa      0x1b7 Drivers/STM32G0xx_HAL_Driver/Src/stm32g0xx_hal_gpio.o
 .debug_abbrev  0x0000000000001061      0x1f6 Drivers/STM32G0xx_HAL_Driver/Src/stm32g0xx_hal_pwr_ex.o
 .debug_abbrev  0x0000000000001257      0x211 Drivers/STM32G0xx_HAL_Driver/Src/stm32g0xx_hal_rcc.o
 .debug_abbrev  0x0000000000001468      0x228 Drivers/STM32G0xx_HAL_Driver/Src/stm32g0xx_hal_spi.o

.debug_aranges  0x0000000000000000      0x758
 .debug_aranges
                0x0000000000000000       0x30 Core/Src/ascii.o
 .debug_aranges
                0x0000000000000030       0x30 Core/Src/main.o
 .debug_aranges
                0x0000000000000060       0x58 Core/Src/max7219.o
 .debug_aranges
                0x00000000000000b8       0x58 Core/Src/shifter.o
 .debug_aranges
                0x0000000000000110       0x30 Core/Src/stm32g0xx_hal_msp.o
 .debug_aranges
                0x0000000000000140       0x40 Core/Src/stm32g0xx_it.o
 .debug_aranges
                0x0000000000000180       0x28 Core/Src/system_stm32g0xx.o
 .debug_aranges
                0x00000000000001a8       0x28 Core/Startup/startup_stm32g071rbtx.o
 .debug_aranges
                0x00000000000001d0      0x120 Drivers/STM32G0xx_HAL_Driver/Src/stm32g0xx_hal.o
 .debug_aranges
                0x00000000000002f0       0xd8 Drivers/STM32G0xx_HAL_Driver/Src/stm32g0xx_hal_cortex.o
 .debug_aranges
                0x00000000000003c8       0x60 Drivers/STM32G0xx_HAL_Driver/Src/stm32g0xx_hal_gpio.o
 .debug_aranges
                0x0000000000000428       0xc0 Drivers/STM32G0xx_HAL_Driver/Src/stm32g0xx_hal_pwr_ex.o
 .debug_aranges
                0x00000000000004e8       0x98 Drivers/STM32G0xx_HAL_Driver/Src/stm32g0xx_hal_rcc.o
 .debug_aranges
                0x0000000000000580      0x1d8 Drivers/STM32G0xx_HAL_Driver/Src/stm32g0xx_hal_spi.o

.debug_ranges   0x0000000000000000      0x680
 .debug_ranges  0x0000000000000000       0x20 Core/Src/ascii.o
 .debug_ranges  0x0000000000000020       0x20 Core/Src/main.o
 .debug_ranges  0x0000000000000040       0x48 Core/Src/max7219.o
 .debug_ranges  0x0000000000000088       0x48 Core/Src/shifter.o
 .debug_ranges  0x00000000000000d0       0x20 Core/Src/stm32g0xx_hal_msp.o
 .debug_ranges  0x00000000000000f0       0x30 Core/Src/stm32g0xx_it.o
 .debug_ranges  0x0000000000000120       0x18 Core/Src/system_stm32g0xx.o
 .debug_ranges  0x0000000000000138       0x20 Core/Startup/startup_stm32g071rbtx.o
 .debug_ranges  0x0000000000000158      0x110 Drivers/STM32G0xx_HAL_Driver/Src/stm32g0xx_hal.o
 .debug_ranges  0x0000000000000268       0xc8 Drivers/STM32G0xx_HAL_Driver/Src/stm32g0xx_hal_cortex.o
 .debug_ranges  0x0000000000000330       0x50 Drivers/STM32G0xx_HAL_Driver/Src/stm32g0xx_hal_gpio.o
 .debug_ranges  0x0000000000000380       0xb0 Drivers/STM32G0xx_HAL_Driver/Src/stm32g0xx_hal_pwr_ex.o
 .debug_ranges  0x0000000000000430       0x88 Drivers/STM32G0xx_HAL_Driver/Src/stm32g0xx_hal_rcc.o
 .debug_ranges  0x00000000000004b8      0x1c8 Drivers/STM32G0xx_HAL_Driver/Src/stm32g0xx_hal_spi.o

.debug_macro    0x0000000000000000    0x1659c
 .debug_macro   0x0000000000000000      0x290 Core/Src/ascii.o
 .debug_macro   0x0000000000000290      0xa48 Core/Src/ascii.o
 .debug_macro   0x0000000000000cd8      0x103 Core/Src/ascii.o
 .debug_macro   0x0000000000000ddb       0x2e Core/Src/ascii.o
 .debug_macro   0x0000000000000e09       0x28 Core/Src/ascii.o
 .debug_macro   0x0000000000000e31       0x22 Core/Src/ascii.o
 .debug_macro   0x0000000000000e53       0x8e Core/Src/ascii.o
 .debug_macro   0x0000000000000ee1       0x51 Core/Src/ascii.o
 .debug_macro   0x0000000000000f32       0xef Core/Src/ascii.o
 .debug_macro   0x0000000000001021       0x6a Core/Src/ascii.o
 .debug_macro   0x000000000000108b      0x1df Core/Src/ascii.o
 .debug_macro   0x000000000000126a       0x1c Core/Src/ascii.o
 .debug_macro   0x0000000000001286       0x22 Core/Src/ascii.o
 .debug_macro   0x00000000000012a8       0xb5 Core/Src/ascii.o
 .debug_macro   0x000000000000135d      0x4da Core/Src/ascii.o
 .debug_macro   0x0000000000001837      0x11f Core/Src/ascii.o
 .debug_macro   0x0000000000001956     0xc54d Core/Src/ascii.o
 .debug_macro   0x000000000000dea3       0x3c Core/Src/ascii.o
 .debug_macro   0x000000000000dedf     0x3468 Core/Src/ascii.o
 .debug_macro   0x0000000000011347      0x174 Core/Src/ascii.o
 .debug_macro   0x00000000000114bb       0x5a Core/Src/ascii.o
 .debug_macro   0x0000000000011515      0x56c Core/Src/ascii.o
 .debug_macro   0x0000000000011a81     0x1099 Core/Src/ascii.o
 .debug_macro   0x0000000000012b1a      0x257 Core/Src/ascii.o
 .debug_macro   0x0000000000012d71      0x153 Core/Src/ascii.o
 .debug_macro   0x0000000000012ec4      0x1a5 Core/Src/ascii.o
 .debug_macro   0x0000000000013069      0x398 Core/Src/ascii.o
 .debug_macro   0x0000000000013401      0x1a5 Core/Src/ascii.o
 .debug_macro   0x00000000000135a6       0x43 Core/Src/ascii.o
 .debug_macro   0x00000000000135e9      0x1f1 Core/Src/ascii.o
 .debug_macro   0x00000000000137da      0x1c4 Core/Src/ascii.o
 .debug_macro   0x000000000001399e      0x36e Core/Src/ascii.o
 .debug_macro   0x0000000000013d0c       0x28 Core/Src/ascii.o
 .debug_macro   0x0000000000013d34       0xc1 Core/Src/ascii.o
 .debug_macro   0x0000000000013df5      0x26f Core/Src/ascii.o
 .debug_macro   0x0000000000014064       0xd2 Core/Src/ascii.o
 .debug_macro   0x0000000000014136      0x2fe Core/Src/ascii.o
 .debug_macro   0x0000000000014434      0x503 Core/Src/ascii.o
 .debug_macro   0x0000000000014937       0x34 Core/Src/ascii.o
 .debug_macro   0x000000000001496b       0x46 Core/Src/ascii.o
 .debug_macro   0x00000000000149b1       0x18 Core/Src/ascii.o
 .debug_macro   0x00000000000149c9       0x3c Core/Src/ascii.o
 .debug_macro   0x0000000000014a05       0x34 Core/Src/ascii.o
 .debug_macro   0x0000000000014a39       0x52 Core/Src/ascii.o
 .debug_macro   0x0000000000014a8b       0x1f Core/Src/ascii.o
 .debug_macro   0x0000000000014aaa       0x43 Core/Src/ascii.o
 .debug_macro   0x0000000000014aed       0x20 Core/Src/ascii.o
 .debug_macro   0x0000000000014b0d      0x1a3 Core/Src/ascii.o
 .debug_macro   0x0000000000014cb0      0x32a Core/Src/ascii.o
 .debug_macro   0x0000000000014fda       0x10 Core/Src/ascii.o
 .debug_macro   0x0000000000014fea       0x35 Core/Src/ascii.o
 .debug_macro   0x000000000001501f       0x20 Core/Src/ascii.o
 .debug_macro   0x000000000001503f      0x1d5 Core/Src/main.o
 .debug_macro   0x0000000000015214      0x1cf Core/Src/max7219.o
 .debug_macro   0x00000000000153e3      0x1c5 Core/Src/shifter.o
 .debug_macro   0x00000000000155a8      0x1b8 Core/Src/stm32g0xx_hal_msp.o
 .debug_macro   0x0000000000015760      0x1c2 Core/Src/stm32g0xx_it.o
 .debug_macro   0x0000000000015922      0x1b4 Core/Src/system_stm32g0xx.o
 .debug_macro   0x0000000000015ad6      0x1d2 Drivers/STM32G0xx_HAL_Driver/Src/stm32g0xx_hal.o
 .debug_macro   0x0000000000015ca8      0x1ae Drivers/STM32G0xx_HAL_Driver/Src/stm32g0xx_hal_cortex.o
 .debug_macro   0x0000000000015e56      0x1e6 Drivers/STM32G0xx_HAL_Driver/Src/stm32g0xx_hal_gpio.o
 .debug_macro   0x000000000001603c      0x1c0 Drivers/STM32G0xx_HAL_Driver/Src/stm32g0xx_hal_pwr_ex.o
 .debug_macro   0x00000000000161fc      0x1ea Drivers/STM32G0xx_HAL_Driver/Src/stm32g0xx_hal_rcc.o
 .debug_macro   0x00000000000163e6      0x1b6 Drivers/STM32G0xx_HAL_Driver/Src/stm32g0xx_hal_spi.o

.debug_line     0x0000000000000000     0x6ffc
 .debug_line    0x0000000000000000      0x855 Core/Src/ascii.o
 .debug_line    0x0000000000000855      0x6e5 Core/Src/main.o
 .debug_line    0x0000000000000f3a      0x764 Core/Src/max7219.o
 .debug_line    0x000000000000169e      0x7cf Core/Src/shifter.o
 .debug_line    0x0000000000001e6d      0x6ba Core/Src/stm32g0xx_hal_msp.o
 .debug_line    0x0000000000002527      0x6de Core/Src/stm32g0xx_it.o
 .debug_line    0x0000000000002c05      0x6a6 Core/Src/system_stm32g0xx.o
 .debug_line    0x00000000000032ab       0x89 Core/Startup/startup_stm32g071rbtx.o
 .debug_line    0x0000000000003334      0x901 Drivers/STM32G0xx_HAL_Driver/Src/stm32g0xx_hal.o
 .debug_line    0x0000000000003c35      0x8d1 Drivers/STM32G0xx_HAL_Driver/Src/stm32g0xx_hal_cortex.o
 .debug_line    0x0000000000004506      0x819 Drivers/STM32G0xx_HAL_Driver/Src/stm32g0xx_hal_gpio.o
 .debug_line    0x0000000000004d1f      0x85e Drivers/STM32G0xx_HAL_Driver/Src/stm32g0xx_hal_pwr_ex.o
 .debug_line    0x000000000000557d      0x97a Drivers/STM32G0xx_HAL_Driver/Src/stm32g0xx_hal_rcc.o
 .debug_line    0x0000000000005ef7     0x1105 Drivers/STM32G0xx_HAL_Driver/Src/stm32g0xx_hal_spi.o

.debug_str      0x0000000000000000    0x8ba19
 .debug_str     0x0000000000000000    0x8990b Core/Src/ascii.o
                                      0x89e9d (size before relaxing)
 .debug_str     0x000000000008990b      0x16f Core/Src/main.o
                                      0x87023 (size before relaxing)
 .debug_str     0x0000000000089a7a       0xd6 Core/Src/max7219.o
                                      0x86fa2 (size before relaxing)
 .debug_str     0x0000000000089b50      0x5bd Core/Src/shifter.o
                                      0x8753b (size before relaxing)
 .debug_str     0x000000000008a10d       0x53 Core/Src/stm32g0xx_hal_msp.o
                                      0x8744a (size before relaxing)
 .debug_str     0x000000000008a160       0x76 Core/Src/stm32g0xx_it.o
                                      0x86ea1 (size before relaxing)
 .debug_str     0x000000000008a1d6       0x9c Core/Src/system_stm32g0xx.o
                                      0x86f7a (size before relaxing)
 .debug_str     0x000000000008a272       0x36 Core/Startup/startup_stm32g071rbtx.o
                                         0x5f (size before relaxing)
 .debug_str     0x000000000008a2a8      0x6d0 Drivers/STM32G0xx_HAL_Driver/Src/stm32g0xx_hal.o
                                      0x87696 (size before relaxing)
 .debug_str     0x000000000008a978      0x2a6 Drivers/STM32G0xx_HAL_Driver/Src/stm32g0xx_hal_cortex.o
                                      0x87413 (size before relaxing)
 .debug_str     0x000000000008ac1e      0x24a Drivers/STM32G0xx_HAL_Driver/Src/stm32g0xx_hal_gpio.o
                                      0x87170 (size before relaxing)
 .debug_str     0x000000000008ae68      0x2e1 Drivers/STM32G0xx_HAL_Driver/Src/stm32g0xx_hal_pwr_ex.o
                                      0x8726b (size before relaxing)
 .debug_str     0x000000000008b149      0x360 Drivers/STM32G0xx_HAL_Driver/Src/stm32g0xx_hal_rcc.o
                                      0x8751c (size before relaxing)
 .debug_str     0x000000000008b4a9      0x570 Drivers/STM32G0xx_HAL_Driver/Src/stm32g0xx_hal_spi.o
                                      0x878ca (size before relaxing)

.comment        0x0000000000000000       0x7b
 .comment       0x0000000000000000       0x7b Core/Src/ascii.o
                                         0x7c (size before relaxing)
 .comment       0x000000000000007b       0x7c Core/Src/main.o
 .comment       0x000000000000007b       0x7c Core/Src/max7219.o
 .comment       0x000000000000007b       0x7c Core/Src/shifter.o
 .comment       0x000000000000007b       0x7c Core/Src/stm32g0xx_hal_msp.o
 .comment       0x000000000000007b       0x7c Core/Src/stm32g0xx_it.o
 .comment       0x000000000000007b       0x7c Core/Src/system_stm32g0xx.o
 .comment       0x000000000000007b       0x7c Drivers/STM32G0xx_HAL_Driver/Src/stm32g0xx_hal.o
 .comment       0x000000000000007b       0x7c Drivers/STM32G0xx_HAL_Driver/Src/stm32g0xx_hal_cortex.o
 .comment       0x000000000000007b       0x7c Drivers/STM32G0xx_HAL_Driver/Src/stm32g0xx_hal_gpio.o
 .comment       0x000000000000007b       0x7c Drivers/STM32G0xx_HAL_Driver/Src/stm32g0xx_hal_pwr_ex.o
 .comment       0x000000000000007b       0x7c Drivers/STM32G0xx_HAL_Driver/Src/stm32g0xx_hal_rcc.o
 .comment       0x000000000000007b       0x7c Drivers/STM32G0xx_HAL_Driver/Src/stm32g0xx_hal_spi.o

.debug_frame    0x0000000000000000     0x1834
 .debug_frame   0x0000000000000000       0x6c Core/Src/ascii.o
 .debug_frame   0x000000000000006c       0x68 Core/Src/main.o
 .debug_frame   0x00000000000000d4      0x108 Core/Src/max7219.o
 .debug_frame   0x00000000000001dc      0x108 Core/Src/shifter.o
 .debug_frame   0x00000000000002e4       0x70 Core/Src/stm32g0xx_hal_msp.o
 .debug_frame   0x0000000000000354       0x9c Core/Src/stm32g0xx_it.o
 .debug_frame   0x00000000000003f0       0x4c Core/Src/system_stm32g0xx.o
 .debug_frame   0x000000000000043c      0x3dc Drivers/STM32G0xx_HAL_Driver/Src/stm32g0xx_hal.o
 .debug_frame   0x0000000000000818      0x2fc Drivers/STM32G0xx_HAL_Driver/Src/stm32g0xx_hal_cortex.o
 .debug_frame   0x0000000000000b14      0x130 Drivers/STM32G0xx_HAL_Driver/Src/stm32g0xx_hal_gpio.o
 .debug_frame   0x0000000000000c44      0x280 Drivers/STM32G0xx_HAL_Driver/Src/stm32g0xx_hal_pwr_ex.o
 .debug_frame   0x0000000000000ec4      0x1f4 Drivers/STM32G0xx_HAL_Driver/Src/stm32g0xx_hal_rcc.o
 .debug_frame   0x00000000000010b8      0x710 Drivers/STM32G0xx_HAL_Driver/Src/stm32g0xx_hal_spi.o
 .debug_frame   0x00000000000017c8       0x2c /home/varun/tools/STM/cubeIDE/plugins/com.st.stm32cube.ide.mcu.externaltools.gnu-tools-for-stm32.7-2018-q2-update.linux64_1.4.0.202007081208/tools/bin/../lib/gcc/arm-none-eabi/7.3.1/../../../../arm-none-eabi/lib/thumb/v6-m/libc_nano.a(lib_a-init.o)
 .debug_frame   0x00000000000017f4       0x20 /home/varun/tools/STM/cubeIDE/plugins/com.st.stm32cube.ide.mcu.externaltools.gnu-tools-for-stm32.7-2018-q2-update.linux64_1.4.0.202007081208/tools/bin/../lib/gcc/arm-none-eabi/7.3.1/../../../../arm-none-eabi/lib/thumb/v6-m/libc_nano.a(lib_a-memset.o)
 .debug_frame   0x0000000000001814       0x20 /home/varun/tools/STM/cubeIDE/plugins/com.st.stm32cube.ide.mcu.externaltools.gnu-tools-for-stm32.7-2018-q2-update.linux64_1.4.0.202007081208/tools/bin/../lib/gcc/arm-none-eabi/7.3.1/thumb/v6-m/libgcc.a(_udivsi3.o)
