Archive member included to satisfy reference by file (symbol)

/home/varun/tools/STM/cubeIDE/plugins/com.st.stm32cube.ide.mcu.externaltools.gnu-tools-for-stm32.7-2018-q2-update.linux64_1.4.0.202007081208/tools/bin/../lib/gcc/arm-none-eabi/7.3.1/../../../../arm-none-eabi/lib/thumb/v6-m/libc_nano.a(lib_a-errno.o)
                              Core/Src/syscalls.o (__errno)
/home/varun/tools/STM/cubeIDE/plugins/com.st.stm32cube.ide.mcu.externaltools.gnu-tools-for-stm32.7-2018-q2-update.linux64_1.4.0.202007081208/tools/bin/../lib/gcc/arm-none-eabi/7.3.1/../../../../arm-none-eabi/lib/thumb/v6-m/libc_nano.a(lib_a-exit.o)
                              /home/varun/tools/STM/cubeIDE/plugins/com.st.stm32cube.ide.mcu.externaltools.gnu-tools-for-stm32.7-2018-q2-update.linux64_1.4.0.202007081208/tools/bin/../lib/gcc/arm-none-eabi/7.3.1/../../../../arm-none-eabi/lib/thumb/v6-m/crt0.o (exit)
/home/varun/tools/STM/cubeIDE/plugins/com.st.stm32cube.ide.mcu.externaltools.gnu-tools-for-stm32.7-2018-q2-update.linux64_1.4.0.202007081208/tools/bin/../lib/gcc/arm-none-eabi/7.3.1/../../../../arm-none-eabi/lib/thumb/v6-m/libc_nano.a(lib_a-impure.o)
                              /home/varun/tools/STM/cubeIDE/plugins/com.st.stm32cube.ide.mcu.externaltools.gnu-tools-for-stm32.7-2018-q2-update.linux64_1.4.0.202007081208/tools/bin/../lib/gcc/arm-none-eabi/7.3.1/../../../../arm-none-eabi/lib/thumb/v6-m/libc_nano.a(lib_a-exit.o) (_global_impure_ptr)
/home/varun/tools/STM/cubeIDE/plugins/com.st.stm32cube.ide.mcu.externaltools.gnu-tools-for-stm32.7-2018-q2-update.linux64_1.4.0.202007081208/tools/bin/../lib/gcc/arm-none-eabi/7.3.1/../../../../arm-none-eabi/lib/thumb/v6-m/libc_nano.a(lib_a-init.o)
                              /home/varun/tools/STM/cubeIDE/plugins/com.st.stm32cube.ide.mcu.externaltools.gnu-tools-for-stm32.7-2018-q2-update.linux64_1.4.0.202007081208/tools/bin/../lib/gcc/arm-none-eabi/7.3.1/../../../../arm-none-eabi/lib/thumb/v6-m/crt0.o (__libc_init_array)
/home/varun/tools/STM/cubeIDE/plugins/com.st.stm32cube.ide.mcu.externaltools.gnu-tools-for-stm32.7-2018-q2-update.linux64_1.4.0.202007081208/tools/bin/../lib/gcc/arm-none-eabi/7.3.1/../../../../arm-none-eabi/lib/thumb/v6-m/libc_nano.a(lib_a-memset.o)
                              /home/varun/tools/STM/cubeIDE/plugins/com.st.stm32cube.ide.mcu.externaltools.gnu-tools-for-stm32.7-2018-q2-update.linux64_1.4.0.202007081208/tools/bin/../lib/gcc/arm-none-eabi/7.3.1/../../../../arm-none-eabi/lib/thumb/v6-m/crt0.o (memset)
/home/varun/tools/STM/cubeIDE/plugins/com.st.stm32cube.ide.mcu.externaltools.gnu-tools-for-stm32.7-2018-q2-update.linux64_1.4.0.202007081208/tools/bin/../lib/gcc/arm-none-eabi/7.3.1/thumb/v6-m/libgcc.a(_udivsi3.o)
                              Core/Src/system_stm32g0xx.o (__aeabi_uidiv)
/home/varun/tools/STM/cubeIDE/plugins/com.st.stm32cube.ide.mcu.externaltools.gnu-tools-for-stm32.7-2018-q2-update.linux64_1.4.0.202007081208/tools/bin/../lib/gcc/arm-none-eabi/7.3.1/thumb/v6-m/libgcc.a(_dvmd_tls.o)
                              /home/varun/tools/STM/cubeIDE/plugins/com.st.stm32cube.ide.mcu.externaltools.gnu-tools-for-stm32.7-2018-q2-update.linux64_1.4.0.202007081208/tools/bin/../lib/gcc/arm-none-eabi/7.3.1/thumb/v6-m/libgcc.a(_udivsi3.o) (__aeabi_idiv0)

Allocating common symbols
Common symbol       size              file

uwTick              0x4               Drivers/STM32G0xx_HAL_Driver/Src/stm32g0xx_hal.o
max_7219_buffer     0x20              Core/Src/ascii.o

Discarded input sections

 .text          0x0000000000000000        0x0 /home/varun/tools/STM/cubeIDE/plugins/com.st.stm32cube.ide.mcu.externaltools.gnu-tools-for-stm32.7-2018-q2-update.linux64_1.4.0.202007081208/tools/bin/../lib/gcc/arm-none-eabi/7.3.1/thumb/v6-m/crti.o
 .data          0x0000000000000000        0x0 /home/varun/tools/STM/cubeIDE/plugins/com.st.stm32cube.ide.mcu.externaltools.gnu-tools-for-stm32.7-2018-q2-update.linux64_1.4.0.202007081208/tools/bin/../lib/gcc/arm-none-eabi/7.3.1/thumb/v6-m/crti.o
 .bss           0x0000000000000000        0x0 /home/varun/tools/STM/cubeIDE/plugins/com.st.stm32cube.ide.mcu.externaltools.gnu-tools-for-stm32.7-2018-q2-update.linux64_1.4.0.202007081208/tools/bin/../lib/gcc/arm-none-eabi/7.3.1/thumb/v6-m/crti.o
 .data          0x0000000000000000        0x4 /home/varun/tools/STM/cubeIDE/plugins/com.st.stm32cube.ide.mcu.externaltools.gnu-tools-for-stm32.7-2018-q2-update.linux64_1.4.0.202007081208/tools/bin/../lib/gcc/arm-none-eabi/7.3.1/thumb/v6-m/crtbegin.o
 .text          0x0000000000000000       0x78 /home/varun/tools/STM/cubeIDE/plugins/com.st.stm32cube.ide.mcu.externaltools.gnu-tools-for-stm32.7-2018-q2-update.linux64_1.4.0.202007081208/tools/bin/../lib/gcc/arm-none-eabi/7.3.1/../../../../arm-none-eabi/lib/thumb/v6-m/crt0.o
[...]
Memory Configuration

Name             Origin             Length             Attributes
RAM              0x0000000020000000 0x0000000000009000 xrw
FLASH            0x0000000008000000 0x0000000000020000 xr
*default*        0x0000000000000000 0xffffffffffffffff

Linker script and memory map

LOAD /home/varun/tools/STM/cubeIDE/plugins/com.st.stm32cube.ide.mcu.externaltools.gnu-tools-for-stm32.7-2018-q2-update.linux64_1.4.0.202007081208/tools/bin/../lib/gcc/arm-none-eabi/7.3.1/thumb/v6-m/crti.o
LOAD /home/varun/tools/STM/cubeIDE/plugins/com.st.stm32cube.ide.mcu.externaltools.gnu-tools-for-stm32.7-2018-q2-update.linux64_1.4.0.202007081208/tools/bin/../lib/gcc/arm-none-eabi/7.3.1/thumb/v6-m/crtbegin.o
LOAD /home/varun/tools/STM/cubeIDE/plugins/com.st.stm32cube.ide.mcu.externaltools.gnu-tools-for-stm32.7-2018-q2-update.linux64_1.4.0.202007081208/tools/bin/../lib/gcc/arm-none-eabi/7.3.1/../../../../arm-none-eabi/lib/thumb/v6-m/crt0.o
LOAD Core/Src/ascii.o
LOAD Core/Src/main.o
LOAD Core/Src/max7219.o
LOAD Core/Src/shifter.o
LOAD Core/Src/stm32g0xx_hal_msp.o
LOAD Core/Src/stm32g0xx_it.o
LOAD Core/Src/syscalls.o
LOAD Core/Src/sysmem.o
LOAD Core/Src/system_stm32g0xx.o
LOAD Core/Src/tetric.o
LOAD Core/Startup/startup_stm32g071rbtx.o
LOAD Drivers/STM32G0xx_HAL_Driver/Src/stm32g0xx_hal.o
LOAD Drivers/STM32G0xx_HAL_Driver/Src/stm32g0xx_hal_cortex.o
LOAD Drivers/STM32G0xx_HAL_Driver/Src/stm32g0xx_hal_dma.o
LOAD Drivers/STM32G0xx_HAL_Driver/Src/stm32g0xx_hal_dma_ex.o
LOAD Drivers/STM32G0xx_HAL_Driver/Src/stm32g0xx_hal_exti.o
LOAD Drivers/STM32G0xx_HAL_Driver/Src/stm32g0xx_hal_flash.o
LOAD Drivers/STM32G0xx_HAL_Driver/Src/stm32g0xx_hal_flash_ex.o
LOAD Drivers/STM32G0xx_HAL_Driver/Src/stm32g0xx_hal_gpio.o
LOAD Drivers/STM32G0xx_HAL_Driver/Src/stm32g0xx_hal_pwr.o
LOAD Drivers/STM32G0xx_HAL_Driver/Src/stm32g0xx_hal_pwr_ex.o
LOAD Drivers/STM32G0xx_HAL_Driver/Src/stm32g0xx_hal_rcc.o
LOAD Drivers/STM32G0xx_HAL_Driver/Src/stm32g0xx_hal_rcc_ex.o
LOAD Drivers/STM32G0xx_HAL_Driver/Src/stm32g0xx_hal_tim.o
LOAD Drivers/STM32G0xx_HAL_Driver/Src/stm32g0xx_hal_tim_ex.o
LOAD Drivers/STM32G0xx_HAL_Driver/Src/stm32g0xx_ll_dma.o
LOAD Drivers/STM32G0xx_HAL_Driver/Src/stm32g0xx_ll_rcc.o
START GROUP
LOAD /home/varun/tools/STM/cubeIDE/plugins/com.st.stm32cube.ide.mcu.externaltools.gnu-tools-for-stm32.7-2018-q2-update.linux64_1.4.0.202007081208/tools/bin/../lib/gcc/arm-none-eabi/7.3.1/../../../../arm-none-eabi/lib/thumb/v6-m/libc_nano.a
LOAD /home/varun/tools/STM/cubeIDE/plugins/com.st.stm32cube.ide.mcu.externaltools.gnu-tools-for-stm32.7-2018-q2-update.linux64_1.4.0.202007081208/tools/bin/../lib/gcc/arm-none-eabi/7.3.1/../../../../arm-none-eabi/lib/thumb/v6-m/libm.a
END GROUP
START GROUP
LOAD /home/varun/tools/STM/cubeIDE/plugins/com.st.stm32cube.ide.mcu.externaltools.gnu-tools-for-stm32.7-2018-q2-update.linux64_1.4.0.202007081208/tools/bin/../lib/gcc/arm-none-eabi/7.3.1/thumb/v6-m/libgcc.a
LOAD /home/varun/tools/STM/cubeIDE/plugins/com.st.stm32cube.ide.mcu.externaltools.gnu-tools-for-stm32.7-2018-q2-update.linux64_1.4.0.202007081208/tools/bin/../lib/gcc/arm-none-eabi/7.3.1/../../../../arm-none-eabi/lib/thumb/v6-m/libc_nano.a
END GROUP
START GROUP
LOAD /home/varun/tools/STM/cubeIDE/plugins/com.st.stm32cube.ide.mcu.externaltools.gnu-tools-for-stm32.7-2018-q2-update.linux64_1.4.0.202007081208/tools/bin/../lib/gcc/arm-none-eabi/7.3.1/thumb/v6-m/libgcc.a
LOAD /home/varun/tools/STM/cubeIDE/plugins/com.st.stm32cube.ide.mcu.externaltools.gnu-tools-for-stm32.7-2018-q2-update.linux64_1.4.0.202007081208/tools/bin/../lib/gcc/arm-none-eabi/7.3.1/../../../../arm-none-eabi/lib/thumb/v6-m/libc_nano.a
LOAD /home/varun/tools/STM/cubeIDE/plugins/com.st.stm32cube.ide.mcu.externaltools.gnu-tools-for-stm32.7-2018-q2-update.linux64_1.4.0.202007081208/tools/bin/../lib/gcc/arm-none-eabi/7.3.1/../../../../arm-none-eabi/lib/thumb/v6-m/libnosys.a
END GROUP
START GROUP
LOAD /home/varun/tools/STM/cubeIDE/plugins/com.st.stm32cube.ide.mcu.externaltools.gnu-tools-for-stm32.7-2018-q2-update.linux64_1.4.0.202007081208/tools/bin/../lib/gcc/arm-none-eabi/7.3.1/thumb/v6-m/libgcc.a
LOAD /home/varun/tools/STM/cubeIDE/plugins/com.st.stm32cube.ide.mcu.externaltools.gnu-tools-for-stm32.7-2018-q2-update.linux64_1.4.0.202007081208/tools/bin/../lib/gcc/arm-none-eabi/7.3.1/../../../../arm-none-eabi/lib/thumb/v6-m/libc_nano.a
LOAD /home/varun/tools/STM/cubeIDE/plugins/com.st.stm32cube.ide.mcu.externaltools.gnu-tools-for-stm32.7-2018-q2-update.linux64_1.4.0.202007081208/tools/bin/../lib/gcc/arm-none-eabi/7.3.1/../../../../arm-none-eabi/lib/thumb/v6-m/libnosys.a
END GROUP
LOAD /home/varun/tools/STM/cubeIDE/plugins/com.st.stm32cube.ide.mcu.externaltools.gnu-tools-for-stm32.7-2018-q2-update.linux64_1.4.0.202007081208/tools/bin/../lib/gcc/arm-none-eabi/7.3.1/thumb/v6-m/crtend.o
LOAD /home/varun/tools/STM/cubeIDE/plugins/com.st.stm32cube.ide.mcu.externaltools.gnu-tools-for-stm32.7-2018-q2-update.linux64_1.4.0.202007081208/tools/bin/../lib/gcc/arm-none-eabi/7.3.1/thumb/v6-m/crtn.o
                0x0000000020009000                _estack = (ORIGIN (RAM) + LENGTH (RAM))
                0x0000000000000200                _Min_Heap_Size = 0x200
                0x0000000000000400                _Min_Stack_Size = 0x400

.isr_vector     0x0000000008000000       0xbc
                0x0000000008000000                . = ALIGN (0x4)
 *(.isr_vector)
 .isr_vector    0x0000000008000000       0xbc Core/Startup/startup_stm32g071rbtx.o
                0x0000000008000000                g_pfnVectors
                0x00000000080000bc                . = ALIGN (0x4)

.text           0x00000000080000bc     0x17e4
                0x00000000080000bc                . = ALIGN (0x4)
 *(.text)
 .text          0x00000000080000bc       0x48 /home/varun/tools/STM/cubeIDE/plugins/com.st.stm32cube.ide.mcu.externaltools.gnu-tools-for-stm32.7-2018-q2-update.linux64_1.4.0.202007081208/tools/bin/../lib/gcc/arm-none-eabi/7.3.1/thumb/v6-m/crtbegin.o
 .text          0x0000000008000104      0x114 /home/varun/tools/STM/cubeIDE/plugins/com.st.stm32cube.ide.mcu.externaltools.gnu-tools-for-stm32.7-2018-q2-update.linux64_1.4.0.202007081208/tools/bin/../lib/gcc/arm-none-eabi/7.3.1/thumb/v6-m/libgcc.a(_udivsi3.o)
                0x0000000008000104                __udivsi3
                0x0000000008000104                __aeabi_uidiv
                0x0000000008000210                __aeabi_uidivmod
 .text          0x0000000008000218        0x4 /home/varun/tools/STM/cubeIDE/plugins/com.st.stm32cube.ide.mcu.externaltools.gnu-tools-for-stm32.7-2018-q2-update.linux64_1.4.0.202007081208/tools/bin/../lib/gcc/arm-none-eabi/7.3.1/thumb/v6-m/libgcc.a(_dvmd_tls.o)
                0x0000000008000218                __aeabi_ldiv0
                0x0000000008000218                __aeabi_idiv0
 *(.text*)
 .text.printBuffer
                0x000000000800021c       0x88 Core/Src/ascii.o
                0x000000000800021c                printBuffer
 .text.updateBuffer
                0x00000000080002a4       0xb0 Core/Src/ascii.o
                0x00000000080002a4                updateBuffer
 .text.initBuffer
                0x0000000008000354       0x5c Core/Src/ascii.o
                0x0000000008000354                initBuffer
 .text.main     0x00000000080003b0       0x24 Core/Src/main.o
                0x00000000080003b0                main
 .text.SystemClock_Config
                0x00000000080003d4       0x90 Core/Src/main.o
                0x00000000080003d4                SystemClock_Config
 .text.MX_GPIO_Init
                0x0000000008000464       0x70 Core/Src/main.o
 .text.Error_Handler
                0x00000000080004d4        0xa Core/Src/main.o
                0x00000000080004d4                Error_Handler
 *fill*         0x00000000080004de        0x2 
 .text.max_init
                0x00000000080004e0       0xe0 Core/Src/max7219.o
                0x00000000080004e0                max_init
 .text.max_load_low
                0x00000000080005c0       0x20 Core/Src/max7219.o
                0x00000000080005c0                max_load_low
 .text.max_load_high
                0x00000000080005e0       0x1c Core/Src/max7219.o
                0x00000000080005e0                max_load_high
 .text.max_send_data
                0x00000000080005fc       0x20 Core/Src/max7219.o
                0x00000000080005fc                max_send_data
 .text.max_send_data_r
                0x000000000800061c       0x20 Core/Src/max7219.o
                0x000000000800061c                max_send_data_r
 .text.init_shifter
                0x000000000800063c       0x3c Core/Src/shifter.o
                0x000000000800063c                init_shifter
 .text.shiftout
                0x0000000008000678       0x88 Core/Src/shifter.o
                0x0000000008000678                shiftout
 .text.shiftout_r
                0x0000000008000700       0x88 Core/Src/shifter.o
                0x0000000008000700                shiftout_r
 .text.HAL_MspInit
                0x0000000008000788       0x50 Core/Src/stm32g0xx_hal_msp.o
                0x0000000008000788                HAL_MspInit
 .text.NMI_Handler
                0x00000000080007d8        0xa Core/Src/stm32g0xx_it.o
                0x00000000080007d8                NMI_Handler
 .text.HardFault_Handler
                0x00000000080007e2        0x6 Core/Src/stm32g0xx_it.o
                0x00000000080007e2                HardFault_Handler
 .text.SVC_Handler
                0x00000000080007e8        0xa Core/Src/stm32g0xx_it.o
                0x00000000080007e8                SVC_Handler
 .text.PendSV_Handler
                0x00000000080007f2        0xa Core/Src/stm32g0xx_it.o
                0x00000000080007f2                PendSV_Handler
 .text.SysTick_Handler
                0x00000000080007fc        0xe Core/Src/stm32g0xx_it.o
                0x00000000080007fc                SysTick_Handler
 *fill*         0x000000000800080a        0x2 
 .text.SystemInit
                0x000000000800080c       0x18 Core/Src/system_stm32g0xx.o
                0x000000000800080c                SystemInit
 .text.Reset_Handler
                0x0000000008000824       0x50 Core/Startup/startup_stm32g071rbtx.o
                0x0000000008000824                Reset_Handler
 .text.Default_Handler
                0x0000000008000874        0x2 Core/Startup/startup_stm32g071rbtx.o
                0x0000000008000874                USART3_4_LPUART1_IRQHandler
                0x0000000008000874                TIM1_CC_IRQHandler
                0x0000000008000874                ADC1_COMP_IRQHandler
                0x0000000008000874                PVD_IRQHandler
                0x0000000008000874                I2C1_IRQHandler
                0x0000000008000874                TIM7_LPTIM2_IRQHandler
                0x0000000008000874                RTC_TAMP_IRQHandler
                0x0000000008000874                SPI1_IRQHandler
                0x0000000008000874                EXTI2_3_IRQHandler
                0x0000000008000874                I2C2_IRQHandler
                0x0000000008000874                TIM17_IRQHandler
                0x0000000008000874                TIM16_IRQHandler
                0x0000000008000874                TIM3_IRQHandler
                0x0000000008000874                EXTI4_15_IRQHandler
                0x0000000008000874                RCC_IRQHandler
                0x0000000008000874                DMA1_Channel1_IRQHandler
                0x0000000008000874                Default_Handler
                0x0000000008000874                CEC_IRQHandler
                0x0000000008000874                TIM14_IRQHandler
                0x0000000008000874                TIM15_IRQHandler
                0x0000000008000874                EXTI0_1_IRQHandler
                0x0000000008000874                SPI2_IRQHandler
                0x0000000008000874                TIM6_DAC_LPTIM1_IRQHandler
                0x0000000008000874                WWDG_IRQHandler
                0x0000000008000874                TIM2_IRQHandler
                0x0000000008000874                DMA1_Ch4_7_DMAMUX1_OVR_IRQHandler
                0x0000000008000874                DMA1_Channel2_3_IRQHandler
                0x0000000008000874                UCPD1_2_IRQHandler
                0x0000000008000874                USART2_IRQHandler
                0x0000000008000874                FLASH_IRQHandler
                0x0000000008000874                USART1_IRQHandler
                0x0000000008000874                TIM1_BRK_UP_TRG_COM_IRQHandler
 *fill*         0x0000000008000876        0x2 
 .text.HAL_Init
                0x0000000008000878       0x40 Drivers/STM32G0xx_HAL_Driver/Src/stm32g0xx_hal.o
                0x0000000008000878                HAL_Init
 .text.HAL_InitTick
                0x00000000080008b8       0x94 Drivers/STM32G0xx_HAL_Driver/Src/stm32g0xx_hal.o
                0x00000000080008b8                HAL_InitTick
 .text.HAL_IncTick
                0x000000000800094c       0x20 Drivers/STM32G0xx_HAL_Driver/Src/stm32g0xx_hal.o
                0x000000000800094c                HAL_IncTick
 .text.HAL_GetTick
                0x000000000800096c       0x14 Drivers/STM32G0xx_HAL_Driver/Src/stm32g0xx_hal.o
                0x000000000800096c                HAL_GetTick
 .text.HAL_Delay
                0x0000000008000980       0x44 Drivers/STM32G0xx_HAL_Driver/Src/stm32g0xx_hal.o
                0x0000000008000980                HAL_Delay
 .text.HAL_SYSCFG_StrobeDBattpinsConfig
                0x00000000080009c4       0x2c Drivers/STM32G0xx_HAL_Driver/Src/stm32g0xx_hal.o
                0x00000000080009c4                HAL_SYSCFG_StrobeDBattpinsConfig
 .text.__NVIC_SetPriority
                0x00000000080009f0       0xdc Drivers/STM32G0xx_HAL_Driver/Src/stm32g0xx_hal_cortex.o
 .text.SysTick_Config
                0x0000000008000acc       0x48 Drivers/STM32G0xx_HAL_Driver/Src/stm32g0xx_hal_cortex.o
 .text.HAL_NVIC_SetPriority
                0x0000000008000b14       0x2a Drivers/STM32G0xx_HAL_Driver/Src/stm32g0xx_hal_cortex.o
                0x0000000008000b14                HAL_NVIC_SetPriority
 .text.HAL_SYSTICK_Config
                0x0000000008000b3e       0x1a Drivers/STM32G0xx_HAL_Driver/Src/stm32g0xx_hal_cortex.o
                0x0000000008000b3e                HAL_SYSTICK_Config
 .text.HAL_GPIO_Init
                0x0000000008000b58      0x2c8 Drivers/STM32G0xx_HAL_Driver/Src/stm32g0xx_hal_gpio.o
                0x0000000008000b58                HAL_GPIO_Init
 .text.HAL_GPIO_WritePin
                0x0000000008000e20       0x3a Drivers/STM32G0xx_HAL_Driver/Src/stm32g0xx_hal_gpio.o
                0x0000000008000e20                HAL_GPIO_WritePin
 *fill*         0x0000000008000e5a        0x2 
 .text.HAL_PWREx_ControlVoltageScaling
                0x0000000008000e5c       0x80 Drivers/STM32G0xx_HAL_Driver/Src/stm32g0xx_hal_pwr_ex.o
                0x0000000008000e5c                HAL_PWREx_ControlVoltageScaling
 .text.HAL_RCC_OscConfig
                0x0000000008000edc      0x640 Drivers/STM32G0xx_HAL_Driver/Src/stm32g0xx_hal_rcc.o
                0x0000000008000edc                HAL_RCC_OscConfig
 .text.HAL_RCC_ClockConfig
                0x000000000800151c      0x210 Drivers/STM32G0xx_HAL_Driver/Src/stm32g0xx_hal_rcc.o
                0x000000000800151c                HAL_RCC_ClockConfig
 .text.HAL_RCC_GetSysClockFreq
                0x000000000800172c      0x104 Drivers/STM32G0xx_HAL_Driver/Src/stm32g0xx_hal_rcc.o
                0x000000000800172c                HAL_RCC_GetSysClockFreq
 .text.__libc_init_array
                0x0000000008001830       0x48 /home/varun/tools/STM/cubeIDE/plugins/com.st.stm32cube.ide.mcu.externaltools.gnu-tools-for-stm32.7-2018-q2-update.linux64_1.4.0.202007081208/tools/bin/../lib/gcc/arm-none-eabi/7.3.1/../../../../arm-none-eabi/lib/thumb/v6-m/libc_nano.a(lib_a-init.o)
                0x0000000008001830                __libc_init_array
 .text.memset   0x0000000008001878       0x10 /home/varun/tools/STM/cubeIDE/plugins/com.st.stm32cube.ide.mcu.externaltools.gnu-tools-for-stm32.7-2018-q2-update.linux64_1.4.0.202007081208/tools/bin/../lib/gcc/arm-none-eabi/7.3.1/../../../../arm-none-eabi/lib/thumb/v6-m/libc_nano.a(lib_a-memset.o)
                0x0000000008001878                memset
 *(.glue_7)
 .glue_7        0x0000000008001888        0x0 linker stubs
 *(.glue_7t)
 .glue_7t       0x0000000008001888        0x0 linker stubs
 *(.eh_frame)
 .eh_frame      0x0000000008001888        0x0 /home/varun/tools/STM/cubeIDE/plugins/com.st.stm32cube.ide.mcu.externaltools.gnu-tools-for-stm32.7-2018-q2-update.linux64_1.4.0.202007081208/tools/bin/../lib/gcc/arm-none-eabi/7.3.1/thumb/v6-m/crtbegin.o
 *(.init)
 .init          0x0000000008001888        0x4 /home/varun/tools/STM/cubeIDE/plugins/com.st.stm32cube.ide.mcu.externaltools.gnu-tools-for-stm32.7-2018-q2-update.linux64_1.4.0.202007081208/tools/bin/../lib/gcc/arm-none-eabi/7.3.1/thumb/v6-m/crti.o
                0x0000000008001888                _init
 .init          0x000000000800188c        0x8 /home/varun/tools/STM/cubeIDE/plugins/com.st.stm32cube.ide.mcu.externaltools.gnu-tools-for-stm32.7-2018-q2-update.linux64_1.4.0.202007081208/tools/bin/../lib/gcc/arm-none-eabi/7.3.1/thumb/v6-m/crtn.o
 *(.fini)
 .fini          0x0000000008001894        0x4 /home/varun/tools/STM/cubeIDE/plugins/com.st.stm32cube.ide.mcu.externaltools.gnu-tools-for-stm32.7-2018-q2-update.linux64_1.4.0.202007081208/tools/bin/../lib/gcc/arm-none-eabi/7.3.1/thumb/v6-m/crti.o
                0x0000000008001894                _fini
 .fini          0x0000000008001898        0x8 /home/varun/tools/STM/cubeIDE/plugins/com.st.stm32cube.ide.mcu.externaltools.gnu-tools-for-stm32.7-2018-q2-update.linux64_1.4.0.202007081208/tools/bin/../lib/gcc/arm-none-eabi/7.3.1/thumb/v6-m/crtn.o
                0x00000000080018a0                . = ALIGN (0x4)
                0x00000000080018a0                _etext = .

.vfp11_veneer   0x00000000080018a0        0x0
 .vfp11_veneer  0x00000000080018a0        0x0 linker stubs

.v4_bx          0x00000000080018a0        0x0
 .v4_bx         0x00000000080018a0        0x0 linker stubs

.iplt           0x00000000080018a0        0x0
 .iplt          0x00000000080018a0        0x0 /home/varun/tools/STM/cubeIDE/plugins/com.st.stm32cube.ide.mcu.externaltools.gnu-tools-for-stm32.7-2018-q2-update.linux64_1.4.0.202007081208/tools/bin/../lib/gcc/arm-none-eabi/7.3.1/thumb/v6-m/crtbegin.o

.rodata         0x00000000080018a0       0x40
                0x00000000080018a0                . = ALIGN (0x4)
 *(.rodata)
 *(.rodata*)
 .rodata.AHBPrescTable
                0x00000000080018a0       0x40 Core/Src/system_stm32g0xx.o
                0x00000000080018a0                AHBPrescTable
                0x00000000080018e0                . = ALIGN (0x4)

.rel.dyn        0x00000000080018e0        0x0
 .rel.iplt      0x00000000080018e0        0x0 /home/varun/tools/STM/cubeIDE/plugins/com.st.stm32cube.ide.mcu.externaltools.gnu-tools-for-stm32.7-2018-q2-update.linux64_1.4.0.202007081208/tools/bin/../lib/gcc/arm-none-eabi/7.3.1/thumb/v6-m/crtbegin.o

.ARM.extab      0x00000000080018e0        0x0
                0x00000000080018e0                . = ALIGN (0x4)
 *(.ARM.extab* .gnu.linkonce.armextab.*)
                0x00000000080018e0                . = ALIGN (0x4)

.ARM            0x00000000080018e0        0x0
                0x00000000080018e0                . = ALIGN (0x4)
                0x00000000080018e0                __exidx_start = .
 *(.ARM.exidx*)
                0x00000000080018e0                __exidx_end = .
                0x00000000080018e0                . = ALIGN (0x4)

.preinit_array  0x00000000080018e0        0x0
                0x00000000080018e0                . = ALIGN (0x4)
                0x00000000080018e0                PROVIDE (__preinit_array_start = .)
 *(.preinit_array*)
                0x00000000080018e0                PROVIDE (__preinit_array_end = .)
                0x00000000080018e0                . = ALIGN (0x4)

.init_array     0x00000000080018e0        0x4
                0x00000000080018e0                . = ALIGN (0x4)
                0x00000000080018e0                PROVIDE (__init_array_start = .)
 *(SORT_BY_NAME(.init_array.*))
 *(.init_array*)
 .init_array    0x00000000080018e0        0x4 /home/varun/tools/STM/cubeIDE/plugins/com.st.stm32cube.ide.mcu.externaltools.gnu-tools-for-stm32.7-2018-q2-update.linux64_1.4.0.202007081208/tools/bin/../lib/gcc/arm-none-eabi/7.3.1/thumb/v6-m/crtbegin.o
                0x00000000080018e4                PROVIDE (__init_array_end = .)
                0x00000000080018e4                . = ALIGN (0x4)

.fini_array     0x00000000080018e4        0x4
                0x00000000080018e4                . = ALIGN (0x4)
                [!provide]                        PROVIDE (__fini_array_start = .)
 *(SORT_BY_NAME(.fini_array.*))
 *(.fini_array*)
 .fini_array    0x00000000080018e4        0x4 /home/varun/tools/STM/cubeIDE/plugins/com.st.stm32cube.ide.mcu.externaltools.gnu-tools-for-stm32.7-2018-q2-update.linux64_1.4.0.202007081208/tools/bin/../lib/gcc/arm-none-eabi/7.3.1/thumb/v6-m/crtbegin.o
                [!provide]                        PROVIDE (__fini_array_end = .)
                0x00000000080018e8                . = ALIGN (0x4)
                0x00000000080018e8                _sidata = LOADADDR (.data)

.data           0x0000000020000000        0xc load address 0x00000000080018e8
                0x0000000020000000                . = ALIGN (0x4)
                0x0000000020000000                _sdata = .
 *(.data)
 *(.data*)
 .data.SystemCoreClock
                0x0000000020000000        0x4 Core/Src/system_stm32g0xx.o
                0x0000000020000000                SystemCoreClock
 .data.uwTickPrio
                0x0000000020000004        0x4 Drivers/STM32G0xx_HAL_Driver/Src/stm32g0xx_hal.o
                0x0000000020000004                uwTickPrio
 .data.uwTickFreq
                0x0000000020000008        0x4 Drivers/STM32G0xx_HAL_Driver/Src/stm32g0xx_hal.o
                0x0000000020000008                uwTickFreq
                0x000000002000000c                . = ALIGN (0x4)
                0x000000002000000c                _edata = .

.igot.plt       0x000000002000000c        0x0 load address 0x00000000080018f4
 .igot.plt      0x000000002000000c        0x0 /home/varun/tools/STM/cubeIDE/plugins/com.st.stm32cube.ide.mcu.externaltools.gnu-tools-for-stm32.7-2018-q2-update.linux64_1.4.0.202007081208/tools/bin/../lib/gcc/arm-none-eabi/7.3.1/thumb/v6-m/crtbegin.o
                0x000000002000000c                . = ALIGN (0x4)

.bss            0x000000002000000c       0x44 load address 0x00000000080018f4
                0x000000002000000c                _sbss = .
                0x000000002000000c                __bss_start__ = _sbss
 *(.bss)
 .bss           0x000000002000000c       0x1c /home/varun/tools/STM/cubeIDE/plugins/com.st.stm32cube.ide.mcu.externaltools.gnu-tools-for-stm32.7-2018-q2-update.linux64_1.4.0.202007081208/tools/bin/../lib/gcc/arm-none-eabi/7.3.1/thumb/v6-m/crtbegin.o
 *(.bss*)
 .bss.i.6234    0x0000000020000028        0x1 Core/Src/ascii.o
 *(COMMON)
 *fill*         0x0000000020000029        0x3 
 COMMON         0x000000002000002c       0x20 Core/Src/ascii.o
                0x000000002000002c                max_7219_buffer
 COMMON         0x000000002000004c        0x4 Drivers/STM32G0xx_HAL_Driver/Src/stm32g0xx_hal.o
                0x000000002000004c                uwTick
                0x0000000020000050                . = ALIGN (0x4)
                0x0000000020000050                _ebss = .
                0x0000000020000050                __bss_end__ = _ebss

._user_heap_stack
                0x0000000020000050      0x600 load address 0x00000000080018f4
                0x0000000020000050                . = ALIGN (0x8)
                [!provide]                        PROVIDE (end = .)
                0x0000000020000050                PROVIDE (_end = .)
                0x0000000020000250                . = (. + _Min_Heap_Size)
 *fill*         0x0000000020000050      0x200 
                0x0000000020000650                . = (. + _Min_Stack_Size)
 *fill*         0x0000000020000250      0x400 
                0x0000000020000650                . = ALIGN (0x8)

/DISCARD/
 libc.a(*)
 libm.a(*)
 libgcc.a(*)

.ARM.attributes
                0x0000000000000000       0x28
 *(.ARM.attributes)
 .ARM.attributes
                0x0000000000000000       0x1e /home/varun/tools/STM/cubeIDE/plugins/com.st.stm32cube.ide.mcu.externaltools.gnu-tools-for-stm32.7-2018-q2-update.linux64_1.4.0.202007081208/tools/bin/../lib/gcc/arm-none-eabi/7.3.1/thumb/v6-m/crti.o
 .ARM.attributes
                0x000000000000001e       0x2c /home/varun/tools/STM/cubeIDE/plugins/com.st.stm32cube.ide.mcu.externaltools.gnu-tools-for-stm32.7-2018-q2-update.linux64_1.4.0.202007081208/tools/bin/../lib/gcc/arm-none-eabi/7.3.1/thumb/v6-m/crtbegin.o
 .ARM.attributes
                0x000000000000004a       0x32 Core/Src/ascii.o
 .ARM.attributes
                0x000000000000007c       0x32 Core/Src/main.o
 .ARM.attributes
                0x00000000000000ae       0x32 Core/Src/max7219.o
 .ARM.attributes
                0x00000000000000e0       0x32 Core/Src/shifter.o
 .ARM.attributes
                0x0000000000000112       0x32 Core/Src/stm32g0xx_hal_msp.o
 .ARM.attributes
                0x0000000000000144       0x32 Core/Src/stm32g0xx_it.o
 .ARM.attributes
                0x0000000000000176       0x32 Core/Src/system_stm32g0xx.o
 .ARM.attributes
                0x00000000000001a8       0x21 Core/Startup/startup_stm32g071rbtx.o
 .ARM.attributes
                0x00000000000001c9       0x32 Drivers/STM32G0xx_HAL_Driver/Src/stm32g0xx_hal.o
 .ARM.attributes
                0x00000000000001fb       0x32 Drivers/STM32G0xx_HAL_Driver/Src/stm32g0xx_hal_cortex.o
 .ARM.attributes
                0x000000000000022d       0x32 Drivers/STM32G0xx_HAL_Driver/Src/stm32g0xx_hal_gpio.o
 .ARM.attributes
                0x000000000000025f       0x32 Drivers/STM32G0xx_HAL_Driver/Src/stm32g0xx_hal_pwr_ex.o
 .ARM.attributes
                0x0000000000000291       0x32 Drivers/STM32G0xx_HAL_Driver/Src/stm32g0xx_hal_rcc.o
 .ARM.attributes
                0x00000000000002c3       0x2c /home/varun/tools/STM/cubeIDE/plugins/com.st.stm32cube.ide.mcu.externaltools.gnu-tools-for-stm32.7-2018-q2-update.linux64_1.4.0.202007081208/tools/bin/../lib/gcc/arm-none-eabi/7.3.1/../../../../arm-none-eabi/lib/thumb/v6-m/libc_nano.a(lib_a-init.o)
 .ARM.attributes
                0x00000000000002ef       0x2c /home/varun/tools/STM/cubeIDE/plugins/com.st.stm32cube.ide.mcu.externaltools.gnu-tools-for-stm32.7-2018-q2-update.linux64_1.4.0.202007081208/tools/bin/../lib/gcc/arm-none-eabi/7.3.1/../../../../arm-none-eabi/lib/thumb/v6-m/libc_nano.a(lib_a-memset.o)
 .ARM.attributes
                0x000000000000031b       0x1e /home/varun/tools/STM/cubeIDE/plugins/com.st.stm32cube.ide.mcu.externaltools.gnu-tools-for-stm32.7-2018-q2-update.linux64_1.4.0.202007081208/tools/bin/../lib/gcc/arm-none-eabi/7.3.1/thumb/v6-m/libgcc.a(_udivsi3.o)
 .ARM.attributes
                0x0000000000000339       0x1e /home/varun/tools/STM/cubeIDE/plugins/com.st.stm32cube.ide.mcu.externaltools.gnu-tools-for-stm32.7-2018-q2-update.linux64_1.4.0.202007081208/tools/bin/../lib/gcc/arm-none-eabi/7.3.1/thumb/v6-m/libgcc.a(_dvmd_tls.o)
 .ARM.attributes
                0x0000000000000357       0x1e /home/varun/tools/STM/cubeIDE/plugins/com.st.stm32cube.ide.mcu.externaltools.gnu-tools-for-stm32.7-2018-q2-update.linux64_1.4.0.202007081208/tools/bin/../lib/gcc/arm-none-eabi/7.3.1/thumb/v6-m/crtn.o
OUTPUT(Tetris.elf elf32-littlearm)

.debug_info     0x0000000000000000     0x4c67
 .debug_info    0x0000000000000000      0xabb Core/Src/ascii.o
 .debug_info    0x0000000000000abb      0x5f6 Core/Src/main.o
 .debug_info    0x00000000000010b1      0x3a6 Core/Src/max7219.o
 .debug_info    0x0000000000001457      0x39f Core/Src/shifter.o
 .debug_info    0x00000000000017f6      0x333 Core/Src/stm32g0xx_hal_msp.o
 .debug_info    0x0000000000001b29      0x1e8 Core/Src/stm32g0xx_it.o
 .debug_info    0x0000000000001d11      0x434 Core/Src/system_stm32g0xx.o
 .debug_info    0x0000000000002145       0x22 Core/Startup/startup_stm32g071rbtx.o
 .debug_info    0x0000000000002167      0xa11 Drivers/STM32G0xx_HAL_Driver/Src/stm32g0xx_hal.o
 .debug_info    0x0000000000002b78      0x971 Drivers/STM32G0xx_HAL_Driver/Src/stm32g0xx_hal_cortex.o
 .debug_info    0x00000000000034e9      0x67f Drivers/STM32G0xx_HAL_Driver/Src/stm32g0xx_hal_gpio.o
 .debug_info    0x0000000000003b68      0x64f Drivers/STM32G0xx_HAL_Driver/Src/stm32g0xx_hal_pwr_ex.o
 .debug_info    0x00000000000041b7      0xab0 Drivers/STM32G0xx_HAL_Driver/Src/stm32g0xx_hal_rcc.o

.debug_abbrev   0x0000000000000000     0x13e0
 .debug_abbrev  0x0000000000000000      0x1d6 Core/Src/ascii.o
 .debug_abbrev  0x00000000000001d6      0x175 Core/Src/main.o
 .debug_abbrev  0x000000000000034b      0x16d Core/Src/max7219.o
 .debug_abbrev  0x00000000000004b8      0x14c Core/Src/shifter.o
 .debug_abbrev  0x0000000000000604      0x125 Core/Src/stm32g0xx_hal_msp.o
 .debug_abbrev  0x0000000000000729       0xe2 Core/Src/stm32g0xx_it.o
 .debug_abbrev  0x000000000000080b      0x147 Core/Src/system_stm32g0xx.o
 .debug_abbrev  0x0000000000000952       0x12 Core/Startup/startup_stm32g071rbtx.o
 .debug_abbrev  0x0000000000000964      0x242 Drivers/STM32G0xx_HAL_Driver/Src/stm32g0xx_hal.o
 .debug_abbrev  0x0000000000000ba6      0x27c Drivers/STM32G0xx_HAL_Driver/Src/stm32g0xx_hal_cortex.o
 .debug_abbrev  0x0000000000000e22      0x1b7 Drivers/STM32G0xx_HAL_Driver/Src/stm32g0xx_hal_gpio.o
 .debug_abbrev  0x0000000000000fd9      0x1f6 Drivers/STM32G0xx_HAL_Driver/Src/stm32g0xx_hal_pwr_ex.o
 .debug_abbrev  0x00000000000011cf      0x211 Drivers/STM32G0xx_HAL_Driver/Src/stm32g0xx_hal_rcc.o

.debug_aranges  0x0000000000000000      0x548
 .debug_aranges
                0x0000000000000000       0x30 Core/Src/ascii.o
 .debug_aranges
                0x0000000000000030       0x38 Core/Src/main.o
 .debug_aranges
                0x0000000000000068       0x48 Core/Src/max7219.o
 .debug_aranges
                0x00000000000000b0       0x38 Core/Src/shifter.o
 .debug_aranges
                0x00000000000000e8       0x20 Core/Src/stm32g0xx_hal_msp.o
 .debug_aranges
                0x0000000000000108       0x40 Core/Src/stm32g0xx_it.o
 .debug_aranges
                0x0000000000000148       0x28 Core/Src/system_stm32g0xx.o
 .debug_aranges
                0x0000000000000170       0x28 Core/Startup/startup_stm32g071rbtx.o
 .debug_aranges
                0x0000000000000198      0x120 Drivers/STM32G0xx_HAL_Driver/Src/stm32g0xx_hal.o
 .debug_aranges
                0x00000000000002b8       0xd8 Drivers/STM32G0xx_HAL_Driver/Src/stm32g0xx_hal_cortex.o
 .debug_aranges
                0x0000000000000390       0x60 Drivers/STM32G0xx_HAL_Driver/Src/stm32g0xx_hal_gpio.o
 .debug_aranges
                0x00000000000003f0       0xc0 Drivers/STM32G0xx_HAL_Driver/Src/stm32g0xx_hal_pwr_ex.o
 .debug_aranges
                0x00000000000004b0       0x98 Drivers/STM32G0xx_HAL_Driver/Src/stm32g0xx_hal_rcc.o

.debug_ranges   0x0000000000000000      0x480
 .debug_ranges  0x0000000000000000       0x20 Core/Src/ascii.o
 .debug_ranges  0x0000000000000020       0x28 Core/Src/main.o
 .debug_ranges  0x0000000000000048       0x38 Core/Src/max7219.o
 .debug_ranges  0x0000000000000080       0x28 Core/Src/shifter.o
 .debug_ranges  0x00000000000000a8       0x10 Core/Src/stm32g0xx_hal_msp.o
 .debug_ranges  0x00000000000000b8       0x30 Core/Src/stm32g0xx_it.o
 .debug_ranges  0x00000000000000e8       0x18 Core/Src/system_stm32g0xx.o
 .debug_ranges  0x0000000000000100       0x20 Core/Startup/startup_stm32g071rbtx.o
 .debug_ranges  0x0000000000000120      0x110 Drivers/STM32G0xx_HAL_Driver/Src/stm32g0xx_hal.o
 .debug_ranges  0x0000000000000230       0xc8 Drivers/STM32G0xx_HAL_Driver/Src/stm32g0xx_hal_cortex.o
 .debug_ranges  0x00000000000002f8       0x50 Drivers/STM32G0xx_HAL_Driver/Src/stm32g0xx_hal_gpio.o
 .debug_ranges  0x0000000000000348       0xb0 Drivers/STM32G0xx_HAL_Driver/Src/stm32g0xx_hal_pwr_ex.o
 .debug_ranges  0x00000000000003f8       0x88 Drivers/STM32G0xx_HAL_Driver/Src/stm32g0xx_hal_rcc.o

.debug_macro    0x0000000000000000    0x15fe6
 .debug_macro   0x0000000000000000      0x27b Core/Src/ascii.o
 .debug_macro   0x000000000000027b      0xa48 Core/Src/ascii.o
 .debug_macro   0x0000000000000cc3       0xfd Core/Src/ascii.o
 .debug_macro   0x0000000000000dc0       0x2e Core/Src/ascii.o
 .debug_macro   0x0000000000000dee       0x28 Core/Src/ascii.o
 .debug_macro   0x0000000000000e16       0x22 Core/Src/ascii.o
 .debug_macro   0x0000000000000e38       0x8e Core/Src/ascii.o
 .debug_macro   0x0000000000000ec6       0x51 Core/Src/ascii.o
 .debug_macro   0x0000000000000f17       0xef Core/Src/ascii.o
 .debug_macro   0x0000000000001006       0x6a Core/Src/ascii.o
 .debug_macro   0x0000000000001070      0x1df Core/Src/ascii.o
 .debug_macro   0x000000000000124f       0x1c Core/Src/ascii.o
 .debug_macro   0x000000000000126b       0x22 Core/Src/ascii.o
 .debug_macro   0x000000000000128d       0xb5 Core/Src/ascii.o
 .debug_macro   0x0000000000001342      0x4da Core/Src/ascii.o
 .debug_macro   0x000000000000181c      0x11f Core/Src/ascii.o
 .debug_macro   0x000000000000193b     0xc54d Core/Src/ascii.o
 .debug_macro   0x000000000000de88       0x3c Core/Src/ascii.o
 .debug_macro   0x000000000000dec4     0x3468 Core/Src/ascii.o
 .debug_macro   0x000000000001132c      0x174 Core/Src/ascii.o
 .debug_macro   0x00000000000114a0       0x5a Core/Src/ascii.o
 .debug_macro   0x00000000000114fa      0x56c Core/Src/ascii.o
 .debug_macro   0x0000000000011a66     0x1099 Core/Src/ascii.o
 .debug_macro   0x0000000000012aff      0x257 Core/Src/ascii.o
 .debug_macro   0x0000000000012d56      0x153 Core/Src/ascii.o
 .debug_macro   0x0000000000012ea9      0x1a5 Core/Src/ascii.o
 .debug_macro   0x000000000001304e      0x398 Core/Src/ascii.o
 .debug_macro   0x00000000000133e6      0x1a5 Core/Src/ascii.o
 .debug_macro   0x000000000001358b       0x43 Core/Src/ascii.o
 .debug_macro   0x00000000000135ce      0x1f1 Core/Src/ascii.o
 .debug_macro   0x00000000000137bf      0x1c4 Core/Src/ascii.o
 .debug_macro   0x0000000000013983      0x36e Core/Src/ascii.o
 .debug_macro   0x0000000000013cf1       0x28 Core/Src/ascii.o
 .debug_macro   0x0000000000013d19       0xc1 Core/Src/ascii.o
 .debug_macro   0x0000000000013dda      0x26f Core/Src/ascii.o
 .debug_macro   0x0000000000014049       0xd2 Core/Src/ascii.o
 .debug_macro   0x000000000001411b      0x503 Core/Src/ascii.o
 .debug_macro   0x000000000001461e       0x34 Core/Src/ascii.o
 .debug_macro   0x0000000000014652       0x46 Core/Src/ascii.o
 .debug_macro   0x0000000000014698       0x18 Core/Src/ascii.o
 .debug_macro   0x00000000000146b0       0x3c Core/Src/ascii.o
 .debug_macro   0x00000000000146ec       0x34 Core/Src/ascii.o
 .debug_macro   0x0000000000014720       0x52 Core/Src/ascii.o
 .debug_macro   0x0000000000014772       0x1f Core/Src/ascii.o
 .debug_macro   0x0000000000014791       0x43 Core/Src/ascii.o
 .debug_macro   0x00000000000147d4       0x20 Core/Src/ascii.o
 .debug_macro   0x00000000000147f4      0x1a3 Core/Src/ascii.o
 .debug_macro   0x0000000000014997      0x32a Core/Src/ascii.o
 .debug_macro   0x0000000000014cc1       0x10 Core/Src/ascii.o
 .debug_macro   0x0000000000014cd1       0x35 Core/Src/ascii.o
 .debug_macro   0x0000000000014d06       0x20 Core/Src/ascii.o
 .debug_macro   0x0000000000014d26      0x1c0 Core/Src/main.o
 .debug_macro   0x0000000000014ee6      0x1ba Core/Src/max7219.o
 .debug_macro   0x00000000000150a0      0x1b0 Core/Src/shifter.o
 .debug_macro   0x0000000000015250      0x1a3 Core/Src/stm32g0xx_hal_msp.o
 .debug_macro   0x00000000000153f3      0x1ad Core/Src/stm32g0xx_it.o
 .debug_macro   0x00000000000155a0      0x19f Core/Src/system_stm32g0xx.o
 .debug_macro   0x000000000001573f      0x1bd Drivers/STM32G0xx_HAL_Driver/Src/stm32g0xx_hal.o
 .debug_macro   0x00000000000158fc      0x199 Drivers/STM32G0xx_HAL_Driver/Src/stm32g0xx_hal_cortex.o
 .debug_macro   0x0000000000015a95      0x1d1 Drivers/STM32G0xx_HAL_Driver/Src/stm32g0xx_hal_gpio.o
 .debug_macro   0x0000000000015c66      0x1ab Drivers/STM32G0xx_HAL_Driver/Src/stm32g0xx_hal_pwr_ex.o
 .debug_macro   0x0000000000015e11      0x1d5 Drivers/STM32G0xx_HAL_Driver/Src/stm32g0xx_hal_rcc.o

.debug_line     0x0000000000000000     0x5bd1
 .debug_line    0x0000000000000000      0x824 Core/Src/ascii.o
 .debug_line    0x0000000000000824      0x6cf Core/Src/main.o
 .debug_line    0x0000000000000ef3      0x70d Core/Src/max7219.o
 .debug_line    0x0000000000001600      0x6fe Core/Src/shifter.o
 .debug_line    0x0000000000001cfe      0x65a Core/Src/stm32g0xx_hal_msp.o
 .debug_line    0x0000000000002358      0x6ad Core/Src/stm32g0xx_it.o
 .debug_line    0x0000000000002a05      0x675 Core/Src/system_stm32g0xx.o
 .debug_line    0x000000000000307a       0x89 Core/Startup/startup_stm32g071rbtx.o
 .debug_line    0x0000000000003103      0x8d0 Drivers/STM32G0xx_HAL_Driver/Src/stm32g0xx_hal.o
 .debug_line    0x00000000000039d3      0x8a0 Drivers/STM32G0xx_HAL_Driver/Src/stm32g0xx_hal_cortex.o
 .debug_line    0x0000000000004273      0x7e8 Drivers/STM32G0xx_HAL_Driver/Src/stm32g0xx_hal_gpio.o
 .debug_line    0x0000000000004a5b      0x82d Drivers/STM32G0xx_HAL_Driver/Src/stm32g0xx_hal_pwr_ex.o
 .debug_line    0x0000000000005288      0x949 Drivers/STM32G0xx_HAL_Driver/Src/stm32g0xx_hal_rcc.o

.debug_str      0x0000000000000000    0x8941d
 .debug_str     0x0000000000000000    0x87d1b Core/Src/ascii.o
                                      0x882ad (size before relaxing)
 .debug_str     0x0000000000087d1b      0x2bf Core/Src/main.o
                                      0x855a1 (size before relaxing)
 .debug_str     0x0000000000087fda       0x7e Core/Src/max7219.o
                                      0x8538c (size before relaxing)
 .debug_str     0x0000000000088058       0x46 Core/Src/shifter.o
                                      0x85354 (size before relaxing)
 .debug_str     0x000000000008809e       0x2c Core/Src/stm32g0xx_hal_msp.o
                                      0x8532b (size before relaxing)
 .debug_str     0x00000000000880ca       0x76 Core/Src/stm32g0xx_it.o
                                      0x852b1 (size before relaxing)
 .debug_str     0x0000000000088140       0x9c Core/Src/system_stm32g0xx.o
                                      0x8538a (size before relaxing)
 .debug_str     0x00000000000881dc       0x36 Core/Startup/startup_stm32g071rbtx.o
                                         0x5f (size before relaxing)
 .debug_str     0x0000000000088212      0x6d0 Drivers/STM32G0xx_HAL_Driver/Src/stm32g0xx_hal.o
                                      0x85aa6 (size before relaxing)
 .debug_str     0x00000000000888e2      0x2ab Drivers/STM32G0xx_HAL_Driver/Src/stm32g0xx_hal_cortex.o
                                      0x85823 (size before relaxing)
 .debug_str     0x0000000000088b8d      0x24f Drivers/STM32G0xx_HAL_Driver/Src/stm32g0xx_hal_gpio.o
                                      0x85580 (size before relaxing)
 .debug_str     0x0000000000088ddc      0x2e1 Drivers/STM32G0xx_HAL_Driver/Src/stm32g0xx_hal_pwr_ex.o
                                      0x8567b (size before relaxing)
 .debug_str     0x00000000000890bd      0x360 Drivers/STM32G0xx_HAL_Driver/Src/stm32g0xx_hal_rcc.o
                                      0x8592c (size before relaxing)

.comment        0x0000000000000000       0x7b
 .comment       0x0000000000000000       0x7b Core/Src/ascii.o
                                         0x7c (size before relaxing)
 .comment       0x000000000000007b       0x7c Core/Src/main.o
 .comment       0x000000000000007b       0x7c Core/Src/max7219.o
 .comment       0x000000000000007b       0x7c Core/Src/shifter.o
 .comment       0x000000000000007b       0x7c Core/Src/stm32g0xx_hal_msp.o
 .comment       0x000000000000007b       0x7c Core/Src/stm32g0xx_it.o
 .comment       0x000000000000007b       0x7c Core/Src/system_stm32g0xx.o
 .comment       0x000000000000007b       0x7c Drivers/STM32G0xx_HAL_Driver/Src/stm32g0xx_hal.o
 .comment       0x000000000000007b       0x7c Drivers/STM32G0xx_HAL_Driver/Src/stm32g0xx_hal_cortex.o
 .comment       0x000000000000007b       0x7c Drivers/STM32G0xx_HAL_Driver/Src/stm32g0xx_hal_gpio.o
 .comment       0x000000000000007b       0x7c Drivers/STM32G0xx_HAL_Driver/Src/stm32g0xx_hal_pwr_ex.o
 .comment       0x000000000000007b       0x7c Drivers/STM32G0xx_HAL_Driver/Src/stm32g0xx_hal_rcc.o

.debug_frame    0x0000000000000000     0x1048
 .debug_frame   0x0000000000000000       0x6c Core/Src/ascii.o
 .debug_frame   0x000000000000006c       0x88 Core/Src/main.o
 .debug_frame   0x00000000000000f4       0xc8 Core/Src/max7219.o
 .debug_frame   0x00000000000001bc       0x8c Core/Src/shifter.o
 .debug_frame   0x0000000000000248       0x30 Core/Src/stm32g0xx_hal_msp.o
 .debug_frame   0x0000000000000278       0x9c Core/Src/stm32g0xx_it.o
 .debug_frame   0x0000000000000314       0x4c Core/Src/system_stm32g0xx.o
 .debug_frame   0x0000000000000360      0x3dc Drivers/STM32G0xx_HAL_Driver/Src/stm32g0xx_hal.o
 .debug_frame   0x000000000000073c      0x2fc Drivers/STM32G0xx_HAL_Driver/Src/stm32g0xx_hal_cortex.o
 .debug_frame   0x0000000000000a38      0x130 Drivers/STM32G0xx_HAL_Driver/Src/stm32g0xx_hal_gpio.o
 .debug_frame   0x0000000000000b68      0x280 Drivers/STM32G0xx_HAL_Driver/Src/stm32g0xx_hal_pwr_ex.o
 .debug_frame   0x0000000000000de8      0x1f4 Drivers/STM32G0xx_HAL_Driver/Src/stm32g0xx_hal_rcc.o
 .debug_frame   0x0000000000000fdc       0x2c /home/varun/tools/STM/cubeIDE/plugins/com.st.stm32cube.ide.mcu.externaltools.gnu-tools-for-stm32.7-2018-q2-update.linux64_1.4.0.202007081208/tools/bin/../lib/gcc/arm-none-eabi/7.3.1/../../../../arm-none-eabi/lib/thumb/v6-m/libc_nano.a(lib_a-init.o)
 .debug_frame   0x0000000000001008       0x20 /home/varun/tools/STM/cubeIDE/plugins/com.st.stm32cube.ide.mcu.externaltools.gnu-tools-for-stm32.7-2018-q2-update.linux64_1.4.0.202007081208/tools/bin/../lib/gcc/arm-none-eabi/7.3.1/../../../../arm-none-eabi/lib/thumb/v6-m/libc_nano.a(lib_a-memset.o)
 .debug_frame   0x0000000000001028       0x20 /home/varun/tools/STM/cubeIDE/plugins/com.st.stm32cube.ide.mcu.externaltools.gnu-tools-for-stm32.7-2018-q2-update.linux64_1.4.0.202007081208/tools/bin/../lib/gcc/arm-none-eabi/7.3.1/thumb/v6-m/libgcc.a(_udivsi3.o)
